Archive member included to satisfy reference by file (symbol)

c:/st/stm32cubeide_1.6.1/stm32cubeide/plugins/com.st.stm32cube.ide.mcu.externaltools.gnu-tools-for-stm32.9-2020-q2-update.win32_1.5.0.202011040924/tools/bin/../lib/gcc/arm-none-eabi/9.3.1/../../../../arm-none-eabi/lib/thumb/v7-m/nofp\libc_nano.a(lib_a-errno.o)
                              Core/Src/syscalls.o (__errno)
c:/st/stm32cubeide_1.6.1/stm32cubeide/plugins/com.st.stm32cube.ide.mcu.externaltools.gnu-tools-for-stm32.9-2020-q2-update.win32_1.5.0.202011040924/tools/bin/../lib/gcc/arm-none-eabi/9.3.1/../../../../arm-none-eabi/lib/thumb/v7-m/nofp\libc_nano.a(lib_a-exit.o)
                              c:/st/stm32cubeide_1.6.1/stm32cubeide/plugins/com.st.stm32cube.ide.mcu.externaltools.gnu-tools-for-stm32.9-2020-q2-update.win32_1.5.0.202011040924/tools/bin/../lib/gcc/arm-none-eabi/9.3.1/../../../../arm-none-eabi/lib/thumb/v7-m/nofp/crt0.o (exit)
c:/st/stm32cubeide_1.6.1/stm32cubeide/plugins/com.st.stm32cube.ide.mcu.externaltools.gnu-tools-for-stm32.9-2020-q2-update.win32_1.5.0.202011040924/tools/bin/../lib/gcc/arm-none-eabi/9.3.1/../../../../arm-none-eabi/lib/thumb/v7-m/nofp\libc_nano.a(lib_a-impure.o)
                              c:/st/stm32cubeide_1.6.1/stm32cubeide/plugins/com.st.stm32cube.ide.mcu.externaltools.gnu-tools-for-stm32.9-2020-q2-update.win32_1.5.0.202011040924/tools/bin/../lib/gcc/arm-none-eabi/9.3.1/../../../../arm-none-eabi/lib/thumb/v7-m/nofp\libc_nano.a(lib_a-exit.o) (_global_impure_ptr)
c:/st/stm32cubeide_1.6.1/stm32cubeide/plugins/com.st.stm32cube.ide.mcu.externaltools.gnu-tools-for-stm32.9-2020-q2-update.win32_1.5.0.202011040924/tools/bin/../lib/gcc/arm-none-eabi/9.3.1/../../../../arm-none-eabi/lib/thumb/v7-m/nofp\libc_nano.a(lib_a-init.o)
                              c:/st/stm32cubeide_1.6.1/stm32cubeide/plugins/com.st.stm32cube.ide.mcu.externaltools.gnu-tools-for-stm32.9-2020-q2-update.win32_1.5.0.202011040924/tools/bin/../lib/gcc/arm-none-eabi/9.3.1/../../../../arm-none-eabi/lib/thumb/v7-m/nofp/crt0.o (__libc_init_array)
c:/st/stm32cubeide_1.6.1/stm32cubeide/plugins/com.st.stm32cube.ide.mcu.externaltools.gnu-tools-for-stm32.9-2020-q2-update.win32_1.5.0.202011040924/tools/bin/../lib/gcc/arm-none-eabi/9.3.1/../../../../arm-none-eabi/lib/thumb/v7-m/nofp\libc_nano.a(lib_a-memset.o)
                              c:/st/stm32cubeide_1.6.1/stm32cubeide/plugins/com.st.stm32cube.ide.mcu.externaltools.gnu-tools-for-stm32.9-2020-q2-update.win32_1.5.0.202011040924/tools/bin/../lib/gcc/arm-none-eabi/9.3.1/../../../../arm-none-eabi/lib/thumb/v7-m/nofp/crt0.o (memset)

Allocating common symbols
Common symbol       size              file

hUsbDeviceFS        0x2c4             USB_DEVICE/App/usb_device.o
gameHID             0x6               Core/Src/main.o
uwTick              0x4               Drivers/STM32F1xx_HAL_Driver/Src/stm32f1xx_hal.o
pFlash              0x20              Drivers/STM32F1xx_HAL_Driver/Src/stm32f1xx_hal_flash.o
hadc1               0x30              Core/Src/main.o
hdma_adc1           0x44              Core/Src/main.o
data                0xc               Core/Src/main.o
adc_buffer          0xc               Core/Src/main.o
hpcd_USB_FS         0x2ec             USB_DEVICE/Target/usbd_conf.o
USBD_StrDesc        0x200             USB_DEVICE/App/usbd_desc.o

Discarded input sections

 .text          0x0000000000000000        0x0 c:/st/stm32cubeide_1.6.1/stm32cubeide/plugins/com.st.stm32cube.ide.mcu.externaltools.gnu-tools-for-stm32.9-2020-q2-update.win32_1.5.0.202011040924/tools/bin/../lib/gcc/arm-none-eabi/9.3.1/thumb/v7-m/nofp/crti.o
 .data          0x0000000000000000        0x0 c:/st/stm32cubeide_1.6.1/stm32cubeide/plugins/com.st.stm32cube.ide.mcu.externaltools.gnu-tools-for-stm32.9-2020-q2-update.win32_1.5.0.202011040924/tools/bin/../lib/gcc/arm-none-eabi/9.3.1/thumb/v7-m/nofp/crti.o
 .bss           0x0000000000000000        0x0 c:/st/stm32cubeide_1.6.1/stm32cubeide/plugins/com.st.stm32cube.ide.mcu.externaltools.gnu-tools-for-stm32.9-2020-q2-update.win32_1.5.0.202011040924/tools/bin/../lib/gcc/arm-none-eabi/9.3.1/thumb/v7-m/nofp/crti.o
 .data          0x0000000000000000        0x4 c:/st/stm32cubeide_1.6.1/stm32cubeide/plugins/com.st.stm32cube.ide.mcu.externaltools.gnu-tools-for-stm32.9-2020-q2-update.win32_1.5.0.202011040924/tools/bin/../lib/gcc/arm-none-eabi/9.3.1/thumb/v7-m/nofp/crtbegin.o
 .text          0x0000000000000000       0x7c c:/st/stm32cubeide_1.6.1/stm32cubeide/plugins/com.st.stm32cube.ide.mcu.externaltools.gnu-tools-for-stm32.9-2020-q2-update.win32_1.5.0.202011040924/tools/bin/../lib/gcc/arm-none-eabi/9.3.1/../../../../arm-none-eabi/lib/thumb/v7-m/nofp/crt0.o
 .data          0x0000000000000000        0x0 c:/st/stm32cubeide_1.6.1/stm32cubeide/plugins/com.st.stm32cube.ide.mcu.externaltools.gnu-tools-for-stm32.9-2020-q2-update.win32_1.5.0.202011040924/tools/bin/../lib/gcc/arm-none-eabi/9.3.1/../../../../arm-none-eabi/lib/thumb/v7-m/nofp/crt0.o
[...]
Memory Configuration

Name             Origin             Length             Attributes
RAM              0x0000000020000000 0x0000000000005000 xrw
FLASH            0x0000000008000000 0x0000000000010000 xr
*default*        0x0000000000000000 0xffffffffffffffff

Linker script and memory map

LOAD c:/st/stm32cubeide_1.6.1/stm32cubeide/plugins/com.st.stm32cube.ide.mcu.externaltools.gnu-tools-for-stm32.9-2020-q2-update.win32_1.5.0.202011040924/tools/bin/../lib/gcc/arm-none-eabi/9.3.1/thumb/v7-m/nofp/crti.o
LOAD c:/st/stm32cubeide_1.6.1/stm32cubeide/plugins/com.st.stm32cube.ide.mcu.externaltools.gnu-tools-for-stm32.9-2020-q2-update.win32_1.5.0.202011040924/tools/bin/../lib/gcc/arm-none-eabi/9.3.1/thumb/v7-m/nofp/crtbegin.o
LOAD c:/st/stm32cubeide_1.6.1/stm32cubeide/plugins/com.st.stm32cube.ide.mcu.externaltools.gnu-tools-for-stm32.9-2020-q2-update.win32_1.5.0.202011040924/tools/bin/../lib/gcc/arm-none-eabi/9.3.1/../../../../arm-none-eabi/lib/thumb/v7-m/nofp/crt0.o
LOAD Core/Src/main.o
LOAD Core/Src/stm32f1xx_hal_msp.o
LOAD Core/Src/stm32f1xx_it.o
LOAD Core/Src/syscalls.o
LOAD Core/Src/sysmem.o
LOAD Core/Src/system_stm32f1xx.o
LOAD Core/Startup/startup_stm32f103c8tx.o
LOAD Drivers/STM32F1xx_HAL_Driver/Src/stm32f1xx_hal.o
LOAD Drivers/STM32F1xx_HAL_Driver/Src/stm32f1xx_hal_adc.o
LOAD Drivers/STM32F1xx_HAL_Driver/Src/stm32f1xx_hal_adc_ex.o
LOAD Drivers/STM32F1xx_HAL_Driver/Src/stm32f1xx_hal_cortex.o
LOAD Drivers/STM32F1xx_HAL_Driver/Src/stm32f1xx_hal_dma.o
LOAD Drivers/STM32F1xx_HAL_Driver/Src/stm32f1xx_hal_exti.o
LOAD Drivers/STM32F1xx_HAL_Driver/Src/stm32f1xx_hal_flash.o
LOAD Drivers/STM32F1xx_HAL_Driver/Src/stm32f1xx_hal_flash_ex.o
LOAD Drivers/STM32F1xx_HAL_Driver/Src/stm32f1xx_hal_gpio.o
LOAD Drivers/STM32F1xx_HAL_Driver/Src/stm32f1xx_hal_gpio_ex.o
LOAD Drivers/STM32F1xx_HAL_Driver/Src/stm32f1xx_hal_pcd.o
LOAD Drivers/STM32F1xx_HAL_Driver/Src/stm32f1xx_hal_pcd_ex.o
LOAD Drivers/STM32F1xx_HAL_Driver/Src/stm32f1xx_hal_pwr.o
LOAD Drivers/STM32F1xx_HAL_Driver/Src/stm32f1xx_hal_rcc.o
LOAD Drivers/STM32F1xx_HAL_Driver/Src/stm32f1xx_hal_rcc_ex.o
LOAD Drivers/STM32F1xx_HAL_Driver/Src/stm32f1xx_hal_tim.o
LOAD Drivers/STM32F1xx_HAL_Driver/Src/stm32f1xx_hal_tim_ex.o
LOAD Drivers/STM32F1xx_HAL_Driver/Src/stm32f1xx_ll_usb.o
LOAD Middlewares/ST/STM32_USB_Device_Library/Class/HID/Src/usbd_hid.o
LOAD Middlewares/ST/STM32_USB_Device_Library/Core/Src/usbd_core.o
LOAD Middlewares/ST/STM32_USB_Device_Library/Core/Src/usbd_ctlreq.o
LOAD Middlewares/ST/STM32_USB_Device_Library/Core/Src/usbd_ioreq.o
LOAD USB_DEVICE/App/usb_device.o
LOAD USB_DEVICE/App/usbd_desc.o
LOAD USB_DEVICE/Target/usbd_conf.o
START GROUP
LOAD c:/st/stm32cubeide_1.6.1/stm32cubeide/plugins/com.st.stm32cube.ide.mcu.externaltools.gnu-tools-for-stm32.9-2020-q2-update.win32_1.5.0.202011040924/tools/bin/../lib/gcc/arm-none-eabi/9.3.1/../../../../arm-none-eabi/lib/thumb/v7-m/nofp\libc_nano.a
LOAD c:/st/stm32cubeide_1.6.1/stm32cubeide/plugins/com.st.stm32cube.ide.mcu.externaltools.gnu-tools-for-stm32.9-2020-q2-update.win32_1.5.0.202011040924/tools/bin/../lib/gcc/arm-none-eabi/9.3.1/../../../../arm-none-eabi/lib/thumb/v7-m/nofp\libm.a
END GROUP
START GROUP
LOAD c:/st/stm32cubeide_1.6.1/stm32cubeide/plugins/com.st.stm32cube.ide.mcu.externaltools.gnu-tools-for-stm32.9-2020-q2-update.win32_1.5.0.202011040924/tools/bin/../lib/gcc/arm-none-eabi/9.3.1/thumb/v7-m/nofp\libgcc.a
LOAD c:/st/stm32cubeide_1.6.1/stm32cubeide/plugins/com.st.stm32cube.ide.mcu.externaltools.gnu-tools-for-stm32.9-2020-q2-update.win32_1.5.0.202011040924/tools/bin/../lib/gcc/arm-none-eabi/9.3.1/../../../../arm-none-eabi/lib/thumb/v7-m/nofp\libc_nano.a
END GROUP
START GROUP
LOAD c:/st/stm32cubeide_1.6.1/stm32cubeide/plugins/com.st.stm32cube.ide.mcu.externaltools.gnu-tools-for-stm32.9-2020-q2-update.win32_1.5.0.202011040924/tools/bin/../lib/gcc/arm-none-eabi/9.3.1/thumb/v7-m/nofp\libgcc.a
LOAD c:/st/stm32cubeide_1.6.1/stm32cubeide/plugins/com.st.stm32cube.ide.mcu.externaltools.gnu-tools-for-stm32.9-2020-q2-update.win32_1.5.0.202011040924/tools/bin/../lib/gcc/arm-none-eabi/9.3.1/../../../../arm-none-eabi/lib/thumb/v7-m/nofp\libc_nano.a
LOAD c:/st/stm32cubeide_1.6.1/stm32cubeide/plugins/com.st.stm32cube.ide.mcu.externaltools.gnu-tools-for-stm32.9-2020-q2-update.win32_1.5.0.202011040924/tools/bin/../lib/gcc/arm-none-eabi/9.3.1/../../../../arm-none-eabi/lib/thumb/v7-m/nofp\libnosys.a
END GROUP
START GROUP
LOAD c:/st/stm32cubeide_1.6.1/stm32cubeide/plugins/com.st.stm32cube.ide.mcu.externaltools.gnu-tools-for-stm32.9-2020-q2-update.win32_1.5.0.202011040924/tools/bin/../lib/gcc/arm-none-eabi/9.3.1/thumb/v7-m/nofp\libgcc.a
LOAD c:/st/stm32cubeide_1.6.1/stm32cubeide/plugins/com.st.stm32cube.ide.mcu.externaltools.gnu-tools-for-stm32.9-2020-q2-update.win32_1.5.0.202011040924/tools/bin/../lib/gcc/arm-none-eabi/9.3.1/../../../../arm-none-eabi/lib/thumb/v7-m/nofp\libc_nano.a
LOAD c:/st/stm32cubeide_1.6.1/stm32cubeide/plugins/com.st.stm32cube.ide.mcu.externaltools.gnu-tools-for-stm32.9-2020-q2-update.win32_1.5.0.202011040924/tools/bin/../lib/gcc/arm-none-eabi/9.3.1/../../../../arm-none-eabi/lib/thumb/v7-m/nofp\libnosys.a
END GROUP
LOAD c:/st/stm32cubeide_1.6.1/stm32cubeide/plugins/com.st.stm32cube.ide.mcu.externaltools.gnu-tools-for-stm32.9-2020-q2-update.win32_1.5.0.202011040924/tools/bin/../lib/gcc/arm-none-eabi/9.3.1/thumb/v7-m/nofp/crtend.o
LOAD c:/st/stm32cubeide_1.6.1/stm32cubeide/plugins/com.st.stm32cube.ide.mcu.externaltools.gnu-tools-for-stm32.9-2020-q2-update.win32_1.5.0.202011040924/tools/bin/../lib/gcc/arm-none-eabi/9.3.1/thumb/v7-m/nofp/crtn.o
                0x0000000020005000                _estack = (ORIGIN (RAM) + LENGTH (RAM))
                0x0000000000000200                _Min_Heap_Size = 0x200
                0x0000000000000400                _Min_Stack_Size = 0x400

.isr_vector     0x0000000008000000      0x10c
                0x0000000008000000                . = ALIGN (0x4)
 *(.isr_vector)
 .isr_vector    0x0000000008000000      0x10c Core/Startup/startup_stm32f103c8tx.o
                0x0000000008000000                g_pfnVectors
                0x000000000800010c                . = ALIGN (0x4)

.text           0x000000000800010c     0x7ba8
                0x000000000800010c                . = ALIGN (0x4)
 *(.text)
 .text          0x000000000800010c       0x40 c:/st/stm32cubeide_1.6.1/stm32cubeide/plugins/com.st.stm32cube.ide.mcu.externaltools.gnu-tools-for-stm32.9-2020-q2-update.win32_1.5.0.202011040924/tools/bin/../lib/gcc/arm-none-eabi/9.3.1/thumb/v7-m/nofp/crtbegin.o
 *(.text*)
 .text.HAL_ADC_ConvCpltCallback
                0x000000000800014c       0x40 Core/Src/main.o
                0x000000000800014c                HAL_ADC_ConvCpltCallback
 .text.main     0x000000000800018c      0x148 Core/Src/main.o
                0x000000000800018c                main
 .text.SystemClock_Config
                0x00000000080002d4       0xbc Core/Src/main.o
                0x00000000080002d4                SystemClock_Config
 .text.MX_ADC1_Init
                0x0000000008000390       0xb8 Core/Src/main.o
 .text.MX_DMA_Init
                0x0000000008000448       0x3c Core/Src/main.o
 .text.MX_GPIO_Init
                0x0000000008000484       0x5c Core/Src/main.o
 .text.Error_Handler
                0x00000000080004e0        0xa Core/Src/main.o
                0x00000000080004e0                Error_Handler
 *fill*         0x00000000080004ea        0x2 
 .text.HAL_MspInit
                0x00000000080004ec       0x64 Core/Src/stm32f1xx_hal_msp.o
                0x00000000080004ec                HAL_MspInit
 .text.HAL_ADC_MspInit
                0x0000000008000550      0x104 Core/Src/stm32f1xx_hal_msp.o
                0x0000000008000550                HAL_ADC_MspInit
 .text.NMI_Handler
                0x0000000008000654        0x6 Core/Src/stm32f1xx_it.o
                0x0000000008000654                NMI_Handler
 .text.HardFault_Handler
                0x000000000800065a        0x6 Core/Src/stm32f1xx_it.o
                0x000000000800065a                HardFault_Handler
 .text.MemManage_Handler
                0x0000000008000660        0x6 Core/Src/stm32f1xx_it.o
                0x0000000008000660                MemManage_Handler
 .text.BusFault_Handler
                0x0000000008000666        0x6 Core/Src/stm32f1xx_it.o
                0x0000000008000666                BusFault_Handler
 .text.UsageFault_Handler
                0x000000000800066c        0x6 Core/Src/stm32f1xx_it.o
                0x000000000800066c                UsageFault_Handler
 .text.SVC_Handler
                0x0000000008000672        0xc Core/Src/stm32f1xx_it.o
                0x0000000008000672                SVC_Handler
 .text.DebugMon_Handler
                0x000000000800067e        0xc Core/Src/stm32f1xx_it.o
                0x000000000800067e                DebugMon_Handler
 .text.PendSV_Handler
                0x000000000800068a        0xc Core/Src/stm32f1xx_it.o
                0x000000000800068a                PendSV_Handler
 .text.SysTick_Handler
                0x0000000008000696        0xc Core/Src/stm32f1xx_it.o
                0x0000000008000696                SysTick_Handler
 *fill*         0x00000000080006a2        0x2 
 .text.DMA1_Channel1_IRQHandler
                0x00000000080006a4       0x14 Core/Src/stm32f1xx_it.o
                0x00000000080006a4                DMA1_Channel1_IRQHandler
 .text.USB_LP_CAN1_RX0_IRQHandler
                0x00000000080006b8       0x14 Core/Src/stm32f1xx_it.o
                0x00000000080006b8                USB_LP_CAN1_RX0_IRQHandler
 .text.SystemInit
                0x00000000080006cc        0xc Core/Src/system_stm32f1xx.o
                0x00000000080006cc                SystemInit
 .text.Reset_Handler
                0x00000000080006d8       0x48 Core/Startup/startup_stm32f103c8tx.o
                0x00000000080006d8                Reset_Handler
 .text.Default_Handler
                0x0000000008000720        0x2 Core/Startup/startup_stm32f103c8tx.o
                0x0000000008000720                RTC_Alarm_IRQHandler
                0x0000000008000720                EXTI2_IRQHandler
                0x0000000008000720                TIM1_CC_IRQHandler
                0x0000000008000720                PVD_IRQHandler
                0x0000000008000720                EXTI3_IRQHandler
                0x0000000008000720                EXTI0_IRQHandler
                0x0000000008000720                I2C2_EV_IRQHandler
                0x0000000008000720                ADC1_2_IRQHandler
                0x0000000008000720                SPI1_IRQHandler
                0x0000000008000720                TAMPER_IRQHandler
                0x0000000008000720                DMA1_Channel4_IRQHandler
                0x0000000008000720                USART3_IRQHandler
                0x0000000008000720                RTC_IRQHandler
                0x0000000008000720                DMA1_Channel7_IRQHandler
                0x0000000008000720                CAN1_RX1_IRQHandler
                0x0000000008000720                TIM4_IRQHandler
                0x0000000008000720                I2C1_EV_IRQHandler
                0x0000000008000720                DMA1_Channel6_IRQHandler
                0x0000000008000720                TIM3_IRQHandler
                0x0000000008000720                RCC_IRQHandler
                0x0000000008000720                TIM1_TRG_COM_IRQHandler
                0x0000000008000720                Default_Handler
                0x0000000008000720                EXTI15_10_IRQHandler
                0x0000000008000720                EXTI9_5_IRQHandler
                0x0000000008000720                SPI2_IRQHandler
                0x0000000008000720                DMA1_Channel5_IRQHandler
                0x0000000008000720                EXTI4_IRQHandler
                0x0000000008000720                USB_HP_CAN1_TX_IRQHandler
                0x0000000008000720                DMA1_Channel3_IRQHandler
                0x0000000008000720                TIM1_UP_IRQHandler
                0x0000000008000720                WWDG_IRQHandler
                0x0000000008000720                TIM2_IRQHandler
                0x0000000008000720                TIM1_BRK_IRQHandler
                0x0000000008000720                EXTI1_IRQHandler
                0x0000000008000720                USART2_IRQHandler
                0x0000000008000720                I2C2_ER_IRQHandler
                0x0000000008000720                DMA1_Channel2_IRQHandler
                0x0000000008000720                CAN1_SCE_IRQHandler
                0x0000000008000720                FLASH_IRQHandler
                0x0000000008000720                USART1_IRQHandler
                0x0000000008000720                I2C1_ER_IRQHandler
                0x0000000008000720                USBWakeUp_IRQHandler
 *fill*         0x0000000008000722        0x2 
 .text.HAL_Init
                0x0000000008000724       0x2c Drivers/STM32F1xx_HAL_Driver/Src/stm32f1xx_hal.o
                0x0000000008000724                HAL_Init
 .text.HAL_InitTick
                0x0000000008000750       0x60 Drivers/STM32F1xx_HAL_Driver/Src/stm32f1xx_hal.o
                0x0000000008000750                HAL_InitTick
 .text.HAL_IncTick
                0x00000000080007b0       0x24 Drivers/STM32F1xx_HAL_Driver/Src/stm32f1xx_hal.o
                0x00000000080007b0                HAL_IncTick
 .text.HAL_GetTick
                0x00000000080007d4       0x14 Drivers/STM32F1xx_HAL_Driver/Src/stm32f1xx_hal.o
                0x00000000080007d4                HAL_GetTick
 .text.HAL_Delay
                0x00000000080007e8       0x48 Drivers/STM32F1xx_HAL_Driver/Src/stm32f1xx_hal.o
                0x00000000080007e8                HAL_Delay
 .text.HAL_ADC_Init
                0x0000000008000830      0x1b0 Drivers/STM32F1xx_HAL_Driver/Src/stm32f1xx_hal_adc.o
                0x0000000008000830                HAL_ADC_Init
 .text.HAL_ADC_Start_DMA
                0x00000000080009e0      0x1bc Drivers/STM32F1xx_HAL_Driver/Src/stm32f1xx_hal_adc.o
                0x00000000080009e0                HAL_ADC_Start_DMA
 .text.HAL_ADC_ConvHalfCpltCallback
                0x0000000008000b9c       0x12 Drivers/STM32F1xx_HAL_Driver/Src/stm32f1xx_hal_adc.o
                0x0000000008000b9c                HAL_ADC_ConvHalfCpltCallback
 .text.HAL_ADC_ErrorCallback
                0x0000000008000bae       0x12 Drivers/STM32F1xx_HAL_Driver/Src/stm32f1xx_hal_adc.o
                0x0000000008000bae                HAL_ADC_ErrorCallback
 .text.HAL_ADC_ConfigChannel
                0x0000000008000bc0      0x1f0 Drivers/STM32F1xx_HAL_Driver/Src/stm32f1xx_hal_adc.o
                0x0000000008000bc0                HAL_ADC_ConfigChannel
 .text.ADC_Enable
                0x0000000008000db0       0xb4 Drivers/STM32F1xx_HAL_Driver/Src/stm32f1xx_hal_adc.o
                0x0000000008000db0                ADC_Enable
 .text.ADC_ConversionStop_Disable
                0x0000000008000e64       0x82 Drivers/STM32F1xx_HAL_Driver/Src/stm32f1xx_hal_adc.o
                0x0000000008000e64                ADC_ConversionStop_Disable
 .text.ADC_DMAConvCplt
                0x0000000008000ee6       0x7c Drivers/STM32F1xx_HAL_Driver/Src/stm32f1xx_hal_adc.o
                0x0000000008000ee6                ADC_DMAConvCplt
 .text.ADC_DMAHalfConvCplt
                0x0000000008000f62       0x1c Drivers/STM32F1xx_HAL_Driver/Src/stm32f1xx_hal_adc.o
                0x0000000008000f62                ADC_DMAHalfConvCplt
 .text.ADC_DMAError
                0x0000000008000f7e       0x34 Drivers/STM32F1xx_HAL_Driver/Src/stm32f1xx_hal_adc.o
                0x0000000008000f7e                ADC_DMAError
 *fill*         0x0000000008000fb2        0x2 
 .text.__NVIC_SetPriorityGrouping
                0x0000000008000fb4       0x48 Drivers/STM32F1xx_HAL_Driver/Src/stm32f1xx_hal_cortex.o
 .text.__NVIC_GetPriorityGrouping
                0x0000000008000ffc       0x1c Drivers/STM32F1xx_HAL_Driver/Src/stm32f1xx_hal_cortex.o
 .text.__NVIC_EnableIRQ
                0x0000000008001018       0x38 Drivers/STM32F1xx_HAL_Driver/Src/stm32f1xx_hal_cortex.o
 .text.__NVIC_SetPriority
                0x0000000008001050       0x54 Drivers/STM32F1xx_HAL_Driver/Src/stm32f1xx_hal_cortex.o
 .text.NVIC_EncodePriority
                0x00000000080010a4       0x64 Drivers/STM32F1xx_HAL_Driver/Src/stm32f1xx_hal_cortex.o
 .text.SysTick_Config
                0x0000000008001108       0x44 Drivers/STM32F1xx_HAL_Driver/Src/stm32f1xx_hal_cortex.o
 .text.HAL_NVIC_SetPriorityGrouping
                0x000000000800114c       0x16 Drivers/STM32F1xx_HAL_Driver/Src/stm32f1xx_hal_cortex.o
                0x000000000800114c                HAL_NVIC_SetPriorityGrouping
 .text.HAL_NVIC_SetPriority
                0x0000000008001162       0x38 Drivers/STM32F1xx_HAL_Driver/Src/stm32f1xx_hal_cortex.o
                0x0000000008001162                HAL_NVIC_SetPriority
 .text.HAL_NVIC_EnableIRQ
                0x000000000800119a       0x1c Drivers/STM32F1xx_HAL_Driver/Src/stm32f1xx_hal_cortex.o
                0x000000000800119a                HAL_NVIC_EnableIRQ
 .text.HAL_SYSTICK_Config
                0x00000000080011b6       0x18 Drivers/STM32F1xx_HAL_Driver/Src/stm32f1xx_hal_cortex.o
                0x00000000080011b6                HAL_SYSTICK_Config
 *fill*         0x00000000080011ce        0x2 
 .text.HAL_DMA_Init
                0x00000000080011d0       0xb4 Drivers/STM32F1xx_HAL_Driver/Src/stm32f1xx_hal_dma.o
                0x00000000080011d0                HAL_DMA_Init
 .text.HAL_DMA_Start_IT
                0x0000000008001284       0xbe Drivers/STM32F1xx_HAL_Driver/Src/stm32f1xx_hal_dma.o
                0x0000000008001284                HAL_DMA_Start_IT
 *fill*         0x0000000008001342        0x2 
 .text.HAL_DMA_IRQHandler
                0x0000000008001344      0x20c Drivers/STM32F1xx_HAL_Driver/Src/stm32f1xx_hal_dma.o
                0x0000000008001344                HAL_DMA_IRQHandler
 .text.DMA_SetConfig
                0x0000000008001550       0x5a Drivers/STM32F1xx_HAL_Driver/Src/stm32f1xx_hal_dma.o
 *fill*         0x00000000080015aa        0x2 
 .text.HAL_GPIO_Init
                0x00000000080015ac      0x308 Drivers/STM32F1xx_HAL_Driver/Src/stm32f1xx_hal_gpio.o
                0x00000000080015ac                HAL_GPIO_Init
 .text.HAL_PCD_Init
                0x00000000080018b4      0x216 Drivers/STM32F1xx_HAL_Driver/Src/stm32f1xx_hal_pcd.o
                0x00000000080018b4                HAL_PCD_Init
 .text.HAL_PCD_Start
                0x0000000008001aca       0x4c Drivers/STM32F1xx_HAL_Driver/Src/stm32f1xx_hal_pcd.o
                0x0000000008001aca                HAL_PCD_Start
 .text.HAL_PCD_IRQHandler
                0x0000000008001b16      0x2aa Drivers/STM32F1xx_HAL_Driver/Src/stm32f1xx_hal_pcd.o
                0x0000000008001b16                HAL_PCD_IRQHandler
 .text.HAL_PCD_SetAddress
                0x0000000008001dc0       0x4a Drivers/STM32F1xx_HAL_Driver/Src/stm32f1xx_hal_pcd.o
                0x0000000008001dc0                HAL_PCD_SetAddress
 .text.HAL_PCD_EP_Open
                0x0000000008001e0a       0xcc Drivers/STM32F1xx_HAL_Driver/Src/stm32f1xx_hal_pcd.o
                0x0000000008001e0a                HAL_PCD_EP_Open
 .text.HAL_PCD_EP_Close
                0x0000000008001ed6       0x90 Drivers/STM32F1xx_HAL_Driver/Src/stm32f1xx_hal_pcd.o
                0x0000000008001ed6                HAL_PCD_EP_Close
 .text.HAL_PCD_EP_Receive
                0x0000000008001f66       0x7a Drivers/STM32F1xx_HAL_Driver/Src/stm32f1xx_hal_pcd.o
                0x0000000008001f66                HAL_PCD_EP_Receive
 .text.HAL_PCD_EP_Transmit
                0x0000000008001fe0       0x86 Drivers/STM32F1xx_HAL_Driver/Src/stm32f1xx_hal_pcd.o
                0x0000000008001fe0                HAL_PCD_EP_Transmit
 .text.HAL_PCD_EP_SetStall
                0x0000000008002066       0xc0 Drivers/STM32F1xx_HAL_Driver/Src/stm32f1xx_hal_pcd.o
                0x0000000008002066                HAL_PCD_EP_SetStall
 .text.HAL_PCD_EP_ClrStall
                0x0000000008002126       0xa8 Drivers/STM32F1xx_HAL_Driver/Src/stm32f1xx_hal_pcd.o
                0x0000000008002126                HAL_PCD_EP_ClrStall
 .text.PCD_EP_ISR_Handler
                0x00000000080021ce      0x600 Drivers/STM32F1xx_HAL_Driver/Src/stm32f1xx_hal_pcd.o
 .text.HAL_PCD_EP_DB_Receive
                0x00000000080027ce      0x21a Drivers/STM32F1xx_HAL_Driver/Src/stm32f1xx_hal_pcd.o
 .text.HAL_PCD_EP_DB_Transmit
                0x00000000080029e8      0x7a4 Drivers/STM32F1xx_HAL_Driver/Src/stm32f1xx_hal_pcd.o
 .text.HAL_PCDEx_PMAConfig
                0x000000000800318c       0x84 Drivers/STM32F1xx_HAL_Driver/Src/stm32f1xx_hal_pcd_ex.o
                0x000000000800318c                HAL_PCDEx_PMAConfig
 .text.HAL_RCC_OscConfig
                0x0000000008003210      0x500 Drivers/STM32F1xx_HAL_Driver/Src/stm32f1xx_hal_rcc.o
                0x0000000008003210                HAL_RCC_OscConfig
 .text.HAL_RCC_ClockConfig
                0x0000000008003710      0x1d4 Drivers/STM32F1xx_HAL_Driver/Src/stm32f1xx_hal_rcc.o
                0x0000000008003710                HAL_RCC_ClockConfig
 .text.HAL_RCC_GetSysClockFreq
                0x00000000080038e4       0xc0 Drivers/STM32F1xx_HAL_Driver/Src/stm32f1xx_hal_rcc.o
                0x00000000080038e4                HAL_RCC_GetSysClockFreq
 .text.RCC_Delay
                0x00000000080039a4       0x3c Drivers/STM32F1xx_HAL_Driver/Src/stm32f1xx_hal_rcc.o
 .text.HAL_RCCEx_PeriphCLKConfig
                0x00000000080039e0      0x16c Drivers/STM32F1xx_HAL_Driver/Src/stm32f1xx_hal_rcc_ex.o
                0x00000000080039e0                HAL_RCCEx_PeriphCLKConfig
 .text.USB_CoreInit
                0x0000000008003b4c       0x20 Drivers/STM32F1xx_HAL_Driver/Src/stm32f1xx_ll_usb.o
                0x0000000008003b4c                USB_CoreInit
 .text.USB_EnableGlobalInt
                0x0000000008003b6c       0x2c Drivers/STM32F1xx_HAL_Driver/Src/stm32f1xx_ll_usb.o
                0x0000000008003b6c                USB_EnableGlobalInt
 .text.USB_DisableGlobalInt
                0x0000000008003b98       0x34 Drivers/STM32F1xx_HAL_Driver/Src/stm32f1xx_ll_usb.o
                0x0000000008003b98                USB_DisableGlobalInt
 .text.USB_SetCurrentMode
                0x0000000008003bcc       0x18 Drivers/STM32F1xx_HAL_Driver/Src/stm32f1xx_ll_usb.o
                0x0000000008003bcc                USB_SetCurrentMode
 .text.USB_DevInit
                0x0000000008003be4       0x40 Drivers/STM32F1xx_HAL_Driver/Src/stm32f1xx_ll_usb.o
                0x0000000008003be4                USB_DevInit
 .text.USB_ActivateEndpoint
                0x0000000008003c24      0x6d4 Drivers/STM32F1xx_HAL_Driver/Src/stm32f1xx_ll_usb.o
                0x0000000008003c24                USB_ActivateEndpoint
 .text.USB_DeactivateEndpoint
                0x00000000080042f8      0x3d8 Drivers/STM32F1xx_HAL_Driver/Src/stm32f1xx_ll_usb.o
                0x00000000080042f8                USB_DeactivateEndpoint
 .text.USB_EPStartXfer
                0x00000000080046d0     0x15ee Drivers/STM32F1xx_HAL_Driver/Src/stm32f1xx_ll_usb.o
                0x00000000080046d0                USB_EPStartXfer
 .text.USB_EPSetStall
                0x0000000008005cbe       0xa0 Drivers/STM32F1xx_HAL_Driver/Src/stm32f1xx_ll_usb.o
                0x0000000008005cbe                USB_EPSetStall
 .text.USB_EPClearStall
                0x0000000008005d5e      0x15a Drivers/STM32F1xx_HAL_Driver/Src/stm32f1xx_ll_usb.o
                0x0000000008005d5e                USB_EPClearStall
 .text.USB_SetDevAddress
                0x0000000008005eb8       0x26 Drivers/STM32F1xx_HAL_Driver/Src/stm32f1xx_ll_usb.o
                0x0000000008005eb8                USB_SetDevAddress
 .text.USB_DevConnect
                0x0000000008005ede       0x14 Drivers/STM32F1xx_HAL_Driver/Src/stm32f1xx_ll_usb.o
                0x0000000008005ede                USB_DevConnect
 .text.USB_DevDisconnect
                0x0000000008005ef2       0x14 Drivers/STM32F1xx_HAL_Driver/Src/stm32f1xx_ll_usb.o
                0x0000000008005ef2                USB_DevDisconnect
 .text.USB_ReadInterrupts
                0x0000000008005f06       0x1e Drivers/STM32F1xx_HAL_Driver/Src/stm32f1xx_ll_usb.o
                0x0000000008005f06                USB_ReadInterrupts
 .text.USB_EP0_OutStart
                0x0000000008005f24       0x16 Drivers/STM32F1xx_HAL_Driver/Src/stm32f1xx_ll_usb.o
                0x0000000008005f24                USB_EP0_OutStart
 .text.USB_WritePMA
                0x0000000008005f3a       0x8a Drivers/STM32F1xx_HAL_Driver/Src/stm32f1xx_ll_usb.o
                0x0000000008005f3a                USB_WritePMA
 .text.USB_ReadPMA
                0x0000000008005fc4       0x9e Drivers/STM32F1xx_HAL_Driver/Src/stm32f1xx_ll_usb.o
                0x0000000008005fc4                USB_ReadPMA
 .text.USBD_HID_Init
                0x0000000008006062       0x4e Middlewares/ST/STM32_USB_Device_Library/Class/HID/Src/usbd_hid.o
 .text.USBD_HID_DeInit
                0x00000000080060b0       0x42 Middlewares/ST/STM32_USB_Device_Library/Class/HID/Src/usbd_hid.o
 *fill*         0x00000000080060f2        0x2 
 .text.USBD_HID_Setup
                0x00000000080060f4      0x1fc Middlewares/ST/STM32_USB_Device_Library/Class/HID/Src/usbd_hid.o
 .text.USBD_HID_SendReport
                0x00000000080062f0       0x44 Middlewares/ST/STM32_USB_Device_Library/Class/HID/Src/usbd_hid.o
                0x00000000080062f0                USBD_HID_SendReport
 .text.USBD_HID_GetFSCfgDesc
                0x0000000008006334       0x20 Middlewares/ST/STM32_USB_Device_Library/Class/HID/Src/usbd_hid.o
 .text.USBD_HID_GetHSCfgDesc
                0x0000000008006354       0x20 Middlewares/ST/STM32_USB_Device_Library/Class/HID/Src/usbd_hid.o
 .text.USBD_HID_GetOtherSpeedCfgDesc
                0x0000000008006374       0x20 Middlewares/ST/STM32_USB_Device_Library/Class/HID/Src/usbd_hid.o
 .text.USBD_HID_DataIn
                0x0000000008006394       0x22 Middlewares/ST/STM32_USB_Device_Library/Class/HID/Src/usbd_hid.o
 *fill*         0x00000000080063b6        0x2 
 .text.USBD_HID_GetDeviceQualifierDesc
                0x00000000080063b8       0x20 Middlewares/ST/STM32_USB_Device_Library/Class/HID/Src/usbd_hid.o
 .text.USBD_Init
                0x00000000080063d8       0x56 Middlewares/ST/STM32_USB_Device_Library/Core/Src/usbd_core.o
                0x00000000080063d8                USBD_Init
 .text.USBD_RegisterClass
                0x000000000800642e       0x32 Middlewares/ST/STM32_USB_Device_Library/Core/Src/usbd_core.o
                0x000000000800642e                USBD_RegisterClass
 .text.USBD_Start
                0x0000000008006460       0x18 Middlewares/ST/STM32_USB_Device_Library/Core/Src/usbd_core.o
                0x0000000008006460                USBD_Start
 .text.USBD_RunTestMode
                0x0000000008006478       0x14 Middlewares/ST/STM32_USB_Device_Library/Core/Src/usbd_core.o
                0x0000000008006478                USBD_RunTestMode
 .text.USBD_SetClassConfig
                0x000000000800648c       0x3e Middlewares/ST/STM32_USB_Device_Library/Core/Src/usbd_core.o
                0x000000000800648c                USBD_SetClassConfig
 .text.USBD_ClrClassConfig
                0x00000000080064ca       0x26 Middlewares/ST/STM32_USB_Device_Library/Core/Src/usbd_core.o
                0x00000000080064ca                USBD_ClrClassConfig
 .text.USBD_LL_SetupStage
                0x00000000080064f0       0x9a Middlewares/ST/STM32_USB_Device_Library/Core/Src/usbd_core.o
                0x00000000080064f0                USBD_LL_SetupStage
 .text.USBD_LL_DataOutStage
                0x000000000800658a       0xe2 Middlewares/ST/STM32_USB_Device_Library/Core/Src/usbd_core.o
                0x000000000800658a                USBD_LL_DataOutStage
 .text.USBD_LL_DataInStage
                0x000000000800666c      0x14a Middlewares/ST/STM32_USB_Device_Library/Core/Src/usbd_core.o
                0x000000000800666c                USBD_LL_DataInStage
 .text.USBD_LL_Reset
                0x00000000080067b6       0x82 Middlewares/ST/STM32_USB_Device_Library/Core/Src/usbd_core.o
                0x00000000080067b6                USBD_LL_Reset
 .text.USBD_LL_SetSpeed
                0x0000000008006838       0x1e Middlewares/ST/STM32_USB_Device_Library/Core/Src/usbd_core.o
                0x0000000008006838                USBD_LL_SetSpeed
 .text.USBD_LL_Suspend
                0x0000000008006856       0x28 Middlewares/ST/STM32_USB_Device_Library/Core/Src/usbd_core.o
                0x0000000008006856                USBD_LL_Suspend
 .text.USBD_LL_Resume
                0x000000000800687e       0x2a Middlewares/ST/STM32_USB_Device_Library/Core/Src/usbd_core.o
                0x000000000800687e                USBD_LL_Resume
 .text.USBD_LL_SOF
                0x00000000080068a8       0x34 Middlewares/ST/STM32_USB_Device_Library/Core/Src/usbd_core.o
                0x00000000080068a8                USBD_LL_SOF
 .text.USBD_StdDevReq
                0x00000000080068dc       0xd4 Middlewares/ST/STM32_USB_Device_Library/Core/Src/usbd_ctlreq.o
                0x00000000080068dc                USBD_StdDevReq
 .text.USBD_StdItfReq
                0x00000000080069b0       0x90 Middlewares/ST/STM32_USB_Device_Library/Core/Src/usbd_ctlreq.o
                0x00000000080069b0                USBD_StdItfReq
 .text.USBD_StdEPReq
                0x0000000008006a40      0x2c6 Middlewares/ST/STM32_USB_Device_Library/Core/Src/usbd_ctlreq.o
                0x0000000008006a40                USBD_StdEPReq
 *fill*         0x0000000008006d06        0x2 
 .text.USBD_GetDescriptor
                0x0000000008006d08      0x2d0 Middlewares/ST/STM32_USB_Device_Library/Core/Src/usbd_ctlreq.o
 .text.USBD_SetAddress
                0x0000000008006fd8       0x86 Middlewares/ST/STM32_USB_Device_Library/Core/Src/usbd_ctlreq.o
 *fill*         0x000000000800705e        0x2 
 .text.USBD_SetConfig
                0x0000000008007060      0x11c Middlewares/ST/STM32_USB_Device_Library/Core/Src/usbd_ctlreq.o
 .text.USBD_GetConfig
                0x000000000800717c       0x6a Middlewares/ST/STM32_USB_Device_Library/Core/Src/usbd_ctlreq.o
 .text.USBD_GetStatus
                0x00000000080071e6       0x66 Middlewares/ST/STM32_USB_Device_Library/Core/Src/usbd_ctlreq.o
 .text.USBD_SetFeature
                0x000000000800724c       0x28 Middlewares/ST/STM32_USB_Device_Library/Core/Src/usbd_ctlreq.o
 .text.USBD_ClrFeature
                0x0000000008007274       0x42 Middlewares/ST/STM32_USB_Device_Library/Core/Src/usbd_ctlreq.o
 .text.USBD_ParseSetupRequest
                0x00000000080072b6       0x78 Middlewares/ST/STM32_USB_Device_Library/Core/Src/usbd_ctlreq.o
                0x00000000080072b6                USBD_ParseSetupRequest
 .text.USBD_CtlError
                0x000000000800732e       0x22 Middlewares/ST/STM32_USB_Device_Library/Core/Src/usbd_ctlreq.o
                0x000000000800732e                USBD_CtlError
 .text.USBD_GetString
                0x0000000008007350       0x84 Middlewares/ST/STM32_USB_Device_Library/Core/Src/usbd_ctlreq.o
                0x0000000008007350                USBD_GetString
 .text.USBD_GetLen
                0x00000000080073d4       0x2e Middlewares/ST/STM32_USB_Device_Library/Core/Src/usbd_ctlreq.o
 .text.USBD_CtlSendData
                0x0000000008007402       0x38 Middlewares/ST/STM32_USB_Device_Library/Core/Src/usbd_ioreq.o
                0x0000000008007402                USBD_CtlSendData
 .text.USBD_CtlContinueSendData
                0x000000000800743a       0x24 Middlewares/ST/STM32_USB_Device_Library/Core/Src/usbd_ioreq.o
                0x000000000800743a                USBD_CtlContinueSendData
 .text.USBD_CtlContinueRx
                0x000000000800745e       0x24 Middlewares/ST/STM32_USB_Device_Library/Core/Src/usbd_ioreq.o
                0x000000000800745e                USBD_CtlContinueRx
 .text.USBD_CtlSendStatus
                0x0000000008007482       0x26 Middlewares/ST/STM32_USB_Device_Library/Core/Src/usbd_ioreq.o
                0x0000000008007482                USBD_CtlSendStatus
 .text.USBD_CtlReceiveStatus
                0x00000000080074a8       0x26 Middlewares/ST/STM32_USB_Device_Library/Core/Src/usbd_ioreq.o
                0x00000000080074a8                USBD_CtlReceiveStatus
 *fill*         0x00000000080074ce        0x2 
 .text.MX_USB_DEVICE_Init
                0x00000000080074d0       0x4c USB_DEVICE/App/usb_device.o
                0x00000000080074d0                MX_USB_DEVICE_Init
 .text.USBD_FS_DeviceDescriptor
                0x000000000800751c       0x24 USB_DEVICE/App/usbd_desc.o
                0x000000000800751c                USBD_FS_DeviceDescriptor
 .text.USBD_FS_LangIDStrDescriptor
                0x0000000008007540       0x24 USB_DEVICE/App/usbd_desc.o
                0x0000000008007540                USBD_FS_LangIDStrDescriptor
 .text.USBD_FS_ProductStrDescriptor
                0x0000000008007564       0x3c USB_DEVICE/App/usbd_desc.o
                0x0000000008007564                USBD_FS_ProductStrDescriptor
 .text.USBD_FS_ManufacturerStrDescriptor
                0x00000000080075a0       0x28 USB_DEVICE/App/usbd_desc.o
                0x00000000080075a0                USBD_FS_ManufacturerStrDescriptor
 .text.USBD_FS_SerialStrDescriptor
                0x00000000080075c8       0x24 USB_DEVICE/App/usbd_desc.o
                0x00000000080075c8                USBD_FS_SerialStrDescriptor
 .text.USBD_FS_ConfigStrDescriptor
                0x00000000080075ec       0x3c USB_DEVICE/App/usbd_desc.o
                0x00000000080075ec                USBD_FS_ConfigStrDescriptor
 .text.USBD_FS_InterfaceStrDescriptor
                0x0000000008007628       0x3c USB_DEVICE/App/usbd_desc.o
                0x0000000008007628                USBD_FS_InterfaceStrDescriptor
 .text.Get_SerialNum
                0x0000000008007664       0x58 USB_DEVICE/App/usbd_desc.o
 .text.IntToUnicode
                0x00000000080076bc       0x7c USB_DEVICE/App/usbd_desc.o
 .text.HAL_PCD_MspInit
                0x0000000008007738       0x4c USB_DEVICE/Target/usbd_conf.o
                0x0000000008007738                HAL_PCD_MspInit
 .text.HAL_PCD_SetupStageCallback
                0x0000000008007784       0x24 USB_DEVICE/Target/usbd_conf.o
                0x0000000008007784                HAL_PCD_SetupStageCallback
 .text.HAL_PCD_DataOutStageCallback
                0x00000000080077a8       0x36 USB_DEVICE/Target/usbd_conf.o
                0x00000000080077a8                HAL_PCD_DataOutStageCallback
 .text.HAL_PCD_DataInStageCallback
                0x00000000080077de       0x34 USB_DEVICE/Target/usbd_conf.o
                0x00000000080077de                HAL_PCD_DataInStageCallback
 .text.HAL_PCD_SOFCallback
                0x0000000008007812       0x1c USB_DEVICE/Target/usbd_conf.o
                0x0000000008007812                HAL_PCD_SOFCallback
 .text.HAL_PCD_ResetCallback
                0x000000000800782e       0x3c USB_DEVICE/Target/usbd_conf.o
                0x000000000800782e                HAL_PCD_ResetCallback
 *fill*         0x000000000800786a        0x2 
 .text.HAL_PCD_SuspendCallback
                0x000000000800786c       0x34 USB_DEVICE/Target/usbd_conf.o
                0x000000000800786c                HAL_PCD_SuspendCallback
 .text.HAL_PCD_ResumeCallback
                0x00000000080078a0       0x1c USB_DEVICE/Target/usbd_conf.o
                0x00000000080078a0                HAL_PCD_ResumeCallback
 .text.USBD_LL_Init
                0x00000000080078bc       0x90 USB_DEVICE/Target/usbd_conf.o
                0x00000000080078bc                USBD_LL_Init
 .text.USBD_LL_Start
                0x000000000800794c       0x36 USB_DEVICE/Target/usbd_conf.o
                0x000000000800794c                USBD_LL_Start
 .text.USBD_LL_OpenEP
                0x0000000008007982       0x4c USB_DEVICE/Target/usbd_conf.o
                0x0000000008007982                USBD_LL_OpenEP
 .text.USBD_LL_CloseEP
                0x00000000080079ce       0x3e USB_DEVICE/Target/usbd_conf.o
                0x00000000080079ce                USBD_LL_CloseEP
 .text.USBD_LL_StallEP
                0x0000000008007a0c       0x3e USB_DEVICE/Target/usbd_conf.o
                0x0000000008007a0c                USBD_LL_StallEP
 .text.USBD_LL_ClearStallEP
                0x0000000008007a4a       0x3e USB_DEVICE/Target/usbd_conf.o
                0x0000000008007a4a                USBD_LL_ClearStallEP
 .text.USBD_LL_IsStallEP
                0x0000000008007a88       0x58 USB_DEVICE/Target/usbd_conf.o
                0x0000000008007a88                USBD_LL_IsStallEP
 .text.USBD_LL_SetUSBAddress
                0x0000000008007ae0       0x3e USB_DEVICE/Target/usbd_conf.o
                0x0000000008007ae0                USBD_LL_SetUSBAddress
 .text.USBD_LL_Transmit
                0x0000000008007b1e       0x46 USB_DEVICE/Target/usbd_conf.o
                0x0000000008007b1e                USBD_LL_Transmit
 .text.USBD_LL_PrepareReceive
                0x0000000008007b64       0x46 USB_DEVICE/Target/usbd_conf.o
                0x0000000008007b64                USBD_LL_PrepareReceive
 *fill*         0x0000000008007baa        0x2 
 .text.USBD_static_malloc
                0x0000000008007bac       0x18 USB_DEVICE/Target/usbd_conf.o
                0x0000000008007bac                USBD_static_malloc
 .text.USBD_static_free
                0x0000000008007bc4       0x12 USB_DEVICE/Target/usbd_conf.o
                0x0000000008007bc4                USBD_static_free
 .text.HAL_PCDEx_SetConnectionState
                0x0000000008007bd6       0x16 USB_DEVICE/Target/usbd_conf.o
                0x0000000008007bd6                HAL_PCDEx_SetConnectionState
 .text.USBD_Get_USB_Status
                0x0000000008007bec       0x58 USB_DEVICE/Target/usbd_conf.o
 .text.__libc_init_array
                0x0000000008007c44       0x48 c:/st/stm32cubeide_1.6.1/stm32cubeide/plugins/com.st.stm32cube.ide.mcu.externaltools.gnu-tools-for-stm32.9-2020-q2-update.win32_1.5.0.202011040924/tools/bin/../lib/gcc/arm-none-eabi/9.3.1/../../../../arm-none-eabi/lib/thumb/v7-m/nofp\libc_nano.a(lib_a-init.o)
                0x0000000008007c44                __libc_init_array
 .text.memset   0x0000000008007c8c       0x10 c:/st/stm32cubeide_1.6.1/stm32cubeide/plugins/com.st.stm32cube.ide.mcu.externaltools.gnu-tools-for-stm32.9-2020-q2-update.win32_1.5.0.202011040924/tools/bin/../lib/gcc/arm-none-eabi/9.3.1/../../../../arm-none-eabi/lib/thumb/v7-m/nofp\libc_nano.a(lib_a-memset.o)
                0x0000000008007c8c                memset
 *(.glue_7)
 .glue_7        0x0000000008007c9c        0x0 linker stubs
 *(.glue_7t)
 .glue_7t       0x0000000008007c9c        0x0 linker stubs
 *(.eh_frame)
 .eh_frame      0x0000000008007c9c        0x0 c:/st/stm32cubeide_1.6.1/stm32cubeide/plugins/com.st.stm32cube.ide.mcu.externaltools.gnu-tools-for-stm32.9-2020-q2-update.win32_1.5.0.202011040924/tools/bin/../lib/gcc/arm-none-eabi/9.3.1/thumb/v7-m/nofp/crtbegin.o
 *(.init)
 .init          0x0000000008007c9c        0x4 c:/st/stm32cubeide_1.6.1/stm32cubeide/plugins/com.st.stm32cube.ide.mcu.externaltools.gnu-tools-for-stm32.9-2020-q2-update.win32_1.5.0.202011040924/tools/bin/../lib/gcc/arm-none-eabi/9.3.1/thumb/v7-m/nofp/crti.o
                0x0000000008007c9c                _init
 .init          0x0000000008007ca0        0x8 c:/st/stm32cubeide_1.6.1/stm32cubeide/plugins/com.st.stm32cube.ide.mcu.externaltools.gnu-tools-for-stm32.9-2020-q2-update.win32_1.5.0.202011040924/tools/bin/../lib/gcc/arm-none-eabi/9.3.1/thumb/v7-m/nofp/crtn.o
 *(.fini)
 .fini          0x0000000008007ca8        0x4 c:/st/stm32cubeide_1.6.1/stm32cubeide/plugins/com.st.stm32cube.ide.mcu.externaltools.gnu-tools-for-stm32.9-2020-q2-update.win32_1.5.0.202011040924/tools/bin/../lib/gcc/arm-none-eabi/9.3.1/thumb/v7-m/nofp/crti.o
                0x0000000008007ca8                _fini
 .fini          0x0000000008007cac        0x8 c:/st/stm32cubeide_1.6.1/stm32cubeide/plugins/com.st.stm32cube.ide.mcu.externaltools.gnu-tools-for-stm32.9-2020-q2-update.win32_1.5.0.202011040924/tools/bin/../lib/gcc/arm-none-eabi/9.3.1/thumb/v7-m/nofp/crtn.o
                0x0000000008007cb4                . = ALIGN (0x4)
                0x0000000008007cb4                _etext = .

.vfp11_veneer   0x0000000008007cb4        0x0
 .vfp11_veneer  0x0000000008007cb4        0x0 linker stubs

.v4_bx          0x0000000008007cb4        0x0
 .v4_bx         0x0000000008007cb4        0x0 linker stubs

.iplt           0x0000000008007cb4        0x0
 .iplt          0x0000000008007cb4        0x0 c:/st/stm32cubeide_1.6.1/stm32cubeide/plugins/com.st.stm32cube.ide.mcu.externaltools.gnu-tools-for-stm32.9-2020-q2-update.win32_1.5.0.202011040924/tools/bin/../lib/gcc/arm-none-eabi/9.3.1/thumb/v7-m/nofp/crtbegin.o

.rodata         0x0000000008007cb4       0x68
                0x0000000008007cb4                . = ALIGN (0x4)
 *(.rodata)
 .rodata        0x0000000008007cb4       0x10 Drivers/STM32F1xx_HAL_Driver/Src/stm32f1xx_hal_rcc.o
 .rodata        0x0000000008007cc4       0x46 USB_DEVICE/App/usbd_desc.o
 *(.rodata*)
 *fill*         0x0000000008007d0a        0x2 
 .rodata.AHBPrescTable
                0x0000000008007d0c       0x10 Core/Src/system_stm32f1xx.o
                0x0000000008007d0c                AHBPrescTable
                0x0000000008007d1c                . = ALIGN (0x4)

.rel.dyn        0x0000000008007d1c        0x0
 .rel.iplt      0x0000000008007d1c        0x0 c:/st/stm32cubeide_1.6.1/stm32cubeide/plugins/com.st.stm32cube.ide.mcu.externaltools.gnu-tools-for-stm32.9-2020-q2-update.win32_1.5.0.202011040924/tools/bin/../lib/gcc/arm-none-eabi/9.3.1/thumb/v7-m/nofp/crtbegin.o

.ARM.extab      0x0000000008007d1c        0x0
                0x0000000008007d1c                . = ALIGN (0x4)
 *(.ARM.extab* .gnu.linkonce.armextab.*)
                0x0000000008007d1c                . = ALIGN (0x4)

.ARM            0x0000000008007d1c        0x0
                0x0000000008007d1c                . = ALIGN (0x4)
                0x0000000008007d1c                __exidx_start = .
 *(.ARM.exidx*)
                0x0000000008007d1c                __exidx_end = .
                0x0000000008007d1c                . = ALIGN (0x4)

.preinit_array  0x0000000008007d1c        0x0
                0x0000000008007d1c                . = ALIGN (0x4)
                0x0000000008007d1c                PROVIDE (__preinit_array_start = .)
 *(.preinit_array*)
                0x0000000008007d1c                PROVIDE (__preinit_array_end = .)
                0x0000000008007d1c                . = ALIGN (0x4)

.init_array     0x0000000008007d1c        0x4
                0x0000000008007d1c                . = ALIGN (0x4)
                0x0000000008007d1c                PROVIDE (__init_array_start = .)
 *(SORT_BY_NAME(.init_array.*))
 *(.init_array*)
 .init_array    0x0000000008007d1c        0x4 c:/st/stm32cubeide_1.6.1/stm32cubeide/plugins/com.st.stm32cube.ide.mcu.externaltools.gnu-tools-for-stm32.9-2020-q2-update.win32_1.5.0.202011040924/tools/bin/../lib/gcc/arm-none-eabi/9.3.1/thumb/v7-m/nofp/crtbegin.o
                0x0000000008007d20                PROVIDE (__init_array_end = .)
                0x0000000008007d20                . = ALIGN (0x4)

.fini_array     0x0000000008007d20        0x4
                0x0000000008007d20                . = ALIGN (0x4)
                [!provide]                        PROVIDE (__fini_array_start = .)
 *(SORT_BY_NAME(.fini_array.*))
 *(.fini_array*)
 .fini_array    0x0000000008007d20        0x4 c:/st/stm32cubeide_1.6.1/stm32cubeide/plugins/com.st.stm32cube.ide.mcu.externaltools.gnu-tools-for-stm32.9-2020-q2-update.win32_1.5.0.202011040924/tools/bin/../lib/gcc/arm-none-eabi/9.3.1/thumb/v7-m/nofp/crtbegin.o
                [!provide]                        PROVIDE (__fini_array_end = .)
                0x0000000008007d24                . = ALIGN (0x4)
                0x0000000008007d24                _sidata = LOADADDR (.data)

.data           0x0000000020000000      0x13c load address 0x0000000008007d24
                0x0000000020000000                . = ALIGN (0x4)
                0x0000000020000000                _sdata = .
 *(.data)
 *(.data*)
 .data.SystemCoreClock
                0x0000000020000000        0x4 Core/Src/system_stm32f1xx.o
                0x0000000020000000                SystemCoreClock
 .data.uwTickPrio
                0x0000000020000004        0x4 Drivers/STM32F1xx_HAL_Driver/Src/stm32f1xx_hal.o
                0x0000000020000004                uwTickPrio
 .data.uwTickFreq
                0x0000000020000008        0x1 Drivers/STM32F1xx_HAL_Driver/Src/stm32f1xx_hal.o
                0x0000000020000008                uwTickFreq
 *fill*         0x0000000020000009        0x3 
 .data.USBD_HID
                0x000000002000000c       0x38 Middlewares/ST/STM32_USB_Device_Library/Class/HID/Src/usbd_hid.o
                0x000000002000000c                USBD_HID
 .data.USBD_HID_CfgFSDesc
                0x0000000020000044       0x22 Middlewares/ST/STM32_USB_Device_Library/Class/HID/Src/usbd_hid.o
 *fill*         0x0000000020000066        0x2 
 .data.USBD_HID_CfgHSDesc
                0x0000000020000068       0x22 Middlewares/ST/STM32_USB_Device_Library/Class/HID/Src/usbd_hid.o
 *fill*         0x000000002000008a        0x2 
 .data.USBD_HID_OtherSpeedCfgDesc
                0x000000002000008c       0x22 Middlewares/ST/STM32_USB_Device_Library/Class/HID/Src/usbd_hid.o
 *fill*         0x00000000200000ae        0x2 
 .data.USBD_HID_Desc
                0x00000000200000b0        0x9 Middlewares/ST/STM32_USB_Device_Library/Class/HID/Src/usbd_hid.o
 *fill*         0x00000000200000b9        0x3 
 .data.USBD_HID_DeviceQualifierDesc
                0x00000000200000bc        0xa Middlewares/ST/STM32_USB_Device_Library/Class/HID/Src/usbd_hid.o
 *fill*         0x00000000200000c6        0x2 
 .data.HID_MOUSE_ReportDesc
                0x00000000200000c8       0x22 Middlewares/ST/STM32_USB_Device_Library/Class/HID/Src/usbd_hid.o
 *fill*         0x00000000200000ea        0x2 
 .data.FS_Desc  0x00000000200000ec       0x1c USB_DEVICE/App/usbd_desc.o
                0x00000000200000ec                FS_Desc
 .data.USBD_FS_DeviceDesc
                0x0000000020000108       0x12 USB_DEVICE/App/usbd_desc.o
                0x0000000020000108                USBD_FS_DeviceDesc
 *fill*         0x000000002000011a        0x2 
 .data.USBD_LangIDDesc
                0x000000002000011c        0x4 USB_DEVICE/App/usbd_desc.o
                0x000000002000011c                USBD_LangIDDesc
 .data.USBD_StringSerial
                0x0000000020000120       0x1a USB_DEVICE/App/usbd_desc.o
                0x0000000020000120                USBD_StringSerial
 *(.RamFunc)
 *(.RamFunc*)
                0x000000002000013c                . = ALIGN (0x4)
 *fill*         0x000000002000013a        0x2 
                0x000000002000013c                _edata = .

.igot.plt       0x000000002000013c        0x0 load address 0x0000000008007e60
 .igot.plt      0x000000002000013c        0x0 c:/st/stm32cubeide_1.6.1/stm32cubeide/plugins/com.st.stm32cube.ide.mcu.externaltools.gnu-tools-for-stm32.9-2020-q2-update.win32_1.5.0.202011040924/tools/bin/../lib/gcc/arm-none-eabi/9.3.1/thumb/v7-m/nofp/crtbegin.o
                0x000000002000013c                . = ALIGN (0x4)

.bss            0x000000002000013c      0x87c load address 0x0000000008007e60
                0x000000002000013c                _sbss = .
                0x000000002000013c                __bss_start__ = _sbss
 *(.bss)
 .bss           0x000000002000013c       0x1c c:/st/stm32cubeide_1.6.1/stm32cubeide/plugins/com.st.stm32cube.ide.mcu.externaltools.gnu-tools-for-stm32.9-2020-q2-update.win32_1.5.0.202011040924/tools/bin/../lib/gcc/arm-none-eabi/9.3.1/thumb/v7-m/nofp/crtbegin.o
 *(.bss*)
 .bss.cfgidx.7840
                0x0000000020000158        0x1 Middlewares/ST/STM32_USB_Device_Library/Core/Src/usbd_ctlreq.o
 *fill*         0x0000000020000159        0x3 
 .bss.mem.7882  0x000000002000015c       0x14 USB_DEVICE/Target/usbd_conf.o
 *(COMMON)
 COMMON         0x0000000020000170       0x94 Core/Src/main.o
                0x0000000020000170                gameHID
                0x0000000020000178                hadc1
                0x00000000200001a8                hdma_adc1
                0x00000000200001ec                data
                0x00000000200001f8                adc_buffer
 COMMON         0x0000000020000204        0x4 Drivers/STM32F1xx_HAL_Driver/Src/stm32f1xx_hal.o
                0x0000000020000204                uwTick
 COMMON         0x0000000020000208      0x2c4 USB_DEVICE/App/usb_device.o
                0x0000000020000208                hUsbDeviceFS
 COMMON         0x00000000200004cc      0x200 USB_DEVICE/App/usbd_desc.o
                0x00000000200004cc                USBD_StrDesc
 COMMON         0x00000000200006cc      0x2ec USB_DEVICE/Target/usbd_conf.o
                0x00000000200006cc                hpcd_USB_FS
                0x00000000200009b8                . = ALIGN (0x4)
                0x00000000200009b8                _ebss = .
                0x00000000200009b8                __bss_end__ = _ebss

._user_heap_stack
                0x00000000200009b8      0x600 load address 0x0000000008007e60
                0x00000000200009b8                . = ALIGN (0x8)
                [!provide]                        PROVIDE (end = .)
                0x00000000200009b8                PROVIDE (_end = .)
                0x0000000020000bb8                . = (. + _Min_Heap_Size)
 *fill*         0x00000000200009b8      0x200 
                0x0000000020000fb8                . = (. + _Min_Stack_Size)
 *fill*         0x0000000020000bb8      0x400 
                0x0000000020000fb8                . = ALIGN (0x8)

/DISCARD/
 libc.a(*)
 libm.a(*)
 libgcc.a(*)

.ARM.attributes
                0x0000000000000000       0x29
 *(.ARM.attributes)
 .ARM.attributes
                0x0000000000000000       0x1d c:/st/stm32cubeide_1.6.1/stm32cubeide/plugins/com.st.stm32cube.ide.mcu.externaltools.gnu-tools-for-stm32.9-2020-q2-update.win32_1.5.0.202011040924/tools/bin/../lib/gcc/arm-none-eabi/9.3.1/thumb/v7-m/nofp/crti.o
 .ARM.attributes
                0x000000000000001d       0x2d c:/st/stm32cubeide_1.6.1/stm32cubeide/plugins/com.st.stm32cube.ide.mcu.externaltools.gnu-tools-for-stm32.9-2020-q2-update.win32_1.5.0.202011040924/tools/bin/../lib/gcc/arm-none-eabi/9.3.1/thumb/v7-m/nofp/crtbegin.o
 .ARM.attributes
                0x000000000000004a       0x2d Core/Src/main.o
 .ARM.attributes
                0x0000000000000077       0x2d Core/Src/stm32f1xx_hal_msp.o
 .ARM.attributes
                0x00000000000000a4       0x2d Core/Src/stm32f1xx_it.o
 .ARM.attributes
                0x00000000000000d1       0x2d Core/Src/system_stm32f1xx.o
 .ARM.attributes
                0x00000000000000fe       0x21 Core/Startup/startup_stm32f103c8tx.o
 .ARM.attributes
                0x000000000000011f       0x2d Drivers/STM32F1xx_HAL_Driver/Src/stm32f1xx_hal.o
 .ARM.attributes
                0x000000000000014c       0x2d Drivers/STM32F1xx_HAL_Driver/Src/stm32f1xx_hal_adc.o
 .ARM.attributes
                0x0000000000000179       0x2d Drivers/STM32F1xx_HAL_Driver/Src/stm32f1xx_hal_cortex.o
 .ARM.attributes
                0x00000000000001a6       0x2d Drivers/STM32F1xx_HAL_Driver/Src/stm32f1xx_hal_dma.o
 .ARM.attributes
                0x00000000000001d3       0x2d Drivers/STM32F1xx_HAL_Driver/Src/stm32f1xx_hal_gpio.o
 .ARM.attributes
                0x0000000000000200       0x2d Drivers/STM32F1xx_HAL_Driver/Src/stm32f1xx_hal_pcd.o
 .ARM.attributes
                0x000000000000022d       0x2d Drivers/STM32F1xx_HAL_Driver/Src/stm32f1xx_hal_pcd_ex.o
 .ARM.attributes
                0x000000000000025a       0x2d Drivers/STM32F1xx_HAL_Driver/Src/stm32f1xx_hal_rcc.o
 .ARM.attributes
                0x0000000000000287       0x2d Drivers/STM32F1xx_HAL_Driver/Src/stm32f1xx_hal_rcc_ex.o
 .ARM.attributes
                0x00000000000002b4       0x2d Drivers/STM32F1xx_HAL_Driver/Src/stm32f1xx_ll_usb.o
 .ARM.attributes
                0x00000000000002e1       0x2d Middlewares/ST/STM32_USB_Device_Library/Class/HID/Src/usbd_hid.o
 .ARM.attributes
                0x000000000000030e       0x2d Middlewares/ST/STM32_USB_Device_Library/Core/Src/usbd_core.o
 .ARM.attributes
                0x000000000000033b       0x2d Middlewares/ST/STM32_USB_Device_Library/Core/Src/usbd_ctlreq.o
 .ARM.attributes
                0x0000000000000368       0x2d Middlewares/ST/STM32_USB_Device_Library/Core/Src/usbd_ioreq.o
 .ARM.attributes
                0x0000000000000395       0x2d USB_DEVICE/App/usb_device.o
 .ARM.attributes
                0x00000000000003c2       0x2d USB_DEVICE/App/usbd_desc.o
 .ARM.attributes
                0x00000000000003ef       0x2d USB_DEVICE/Target/usbd_conf.o
 .ARM.attributes
                0x000000000000041c       0x2d c:/st/stm32cubeide_1.6.1/stm32cubeide/plugins/com.st.stm32cube.ide.mcu.externaltools.gnu-tools-for-stm32.9-2020-q2-update.win32_1.5.0.202011040924/tools/bin/../lib/gcc/arm-none-eabi/9.3.1/../../../../arm-none-eabi/lib/thumb/v7-m/nofp\libc_nano.a(lib_a-init.o)
 .ARM.attributes
                0x0000000000000449       0x2d c:/st/stm32cubeide_1.6.1/stm32cubeide/plugins/com.st.stm32cube.ide.mcu.externaltools.gnu-tools-for-stm32.9-2020-q2-update.win32_1.5.0.202011040924/tools/bin/../lib/gcc/arm-none-eabi/9.3.1/../../../../arm-none-eabi/lib/thumb/v7-m/nofp\libc_nano.a(lib_a-memset.o)
 .ARM.attributes
                0x0000000000000476       0x1d c:/st/stm32cubeide_1.6.1/stm32cubeide/plugins/com.st.stm32cube.ide.mcu.externaltools.gnu-tools-for-stm32.9-2020-q2-update.win32_1.5.0.202011040924/tools/bin/../lib/gcc/arm-none-eabi/9.3.1/thumb/v7-m/nofp/crtn.o
OUTPUT(Controller.elf elf32-littlearm)
LOAD linker stubs
LOAD c:/st/stm32cubeide_1.6.1/stm32cubeide/plugins/com.st.stm32cube.ide.mcu.externaltools.gnu-tools-for-stm32.9-2020-q2-update.win32_1.5.0.202011040924/tools/bin/../lib/gcc/arm-none-eabi/9.3.1/../../../../arm-none-eabi/lib/thumb/v7-m/nofp\libc.a
LOAD c:/st/stm32cubeide_1.6.1/stm32cubeide/plugins/com.st.stm32cube.ide.mcu.externaltools.gnu-tools-for-stm32.9-2020-q2-update.win32_1.5.0.202011040924/tools/bin/../lib/gcc/arm-none-eabi/9.3.1/../../../../arm-none-eabi/lib/thumb/v7-m/nofp\libm.a
LOAD c:/st/stm32cubeide_1.6.1/stm32cubeide/plugins/com.st.stm32cube.ide.mcu.externaltools.gnu-tools-for-stm32.9-2020-q2-update.win32_1.5.0.202011040924/tools/bin/../lib/gcc/arm-none-eabi/9.3.1/thumb/v7-m/nofp\libgcc.a

.debug_info     0x0000000000000000    0x12537
 .debug_info    0x0000000000000000     0x18c6 Core/Src/main.o
 .debug_info    0x00000000000018c6      0x90d Core/Src/stm32f1xx_hal_msp.o
 .debug_info    0x00000000000021d3      0x932 Core/Src/stm32f1xx_it.o
 .debug_info    0x0000000000002b05      0x2be Core/Src/system_stm32f1xx.o
 .debug_info    0x0000000000002dc3       0x22 Core/Startup/startup_stm32f103c8tx.o
 .debug_info    0x0000000000002de5      0x76a Drivers/STM32F1xx_HAL_Driver/Src/stm32f1xx_hal.o
 .debug_info    0x000000000000354f      0xd2d Drivers/STM32F1xx_HAL_Driver/Src/stm32f1xx_hal_adc.o
 .debug_info    0x000000000000427c      0xbdc Drivers/STM32F1xx_HAL_Driver/Src/stm32f1xx_hal_cortex.o
 .debug_info    0x0000000000004e58      0x81e Drivers/STM32F1xx_HAL_Driver/Src/stm32f1xx_hal_dma.o
 .debug_info    0x0000000000005676      0x701 Drivers/STM32F1xx_HAL_Driver/Src/stm32f1xx_hal_gpio.o
 .debug_info    0x0000000000005d77     0x1509 Drivers/STM32F1xx_HAL_Driver/Src/stm32f1xx_hal_pcd.o
 .debug_info    0x0000000000007280      0x7fc Drivers/STM32F1xx_HAL_Driver/Src/stm32f1xx_hal_pcd_ex.o
 .debug_info    0x0000000000007a7c      0x88e Drivers/STM32F1xx_HAL_Driver/Src/stm32f1xx_hal_rcc.o
 .debug_info    0x000000000000830a      0x480 Drivers/STM32F1xx_HAL_Driver/Src/stm32f1xx_hal_rcc_ex.o
 .debug_info    0x000000000000878a     0x19e6 Drivers/STM32F1xx_HAL_Driver/Src/stm32f1xx_ll_usb.o
 .debug_info    0x000000000000a170     0x123f Middlewares/ST/STM32_USB_Device_Library/Class/HID/Src/usbd_hid.o
 .debug_info    0x000000000000b3af     0x12ef Middlewares/ST/STM32_USB_Device_Library/Core/Src/usbd_core.o
 .debug_info    0x000000000000c69e     0x125c Middlewares/ST/STM32_USB_Device_Library/Core/Src/usbd_ctlreq.o
 .debug_info    0x000000000000d8fa     0x102e Middlewares/ST/STM32_USB_Device_Library/Core/Src/usbd_ioreq.o
 .debug_info    0x000000000000e928      0xeaf USB_DEVICE/App/usb_device.o
 .debug_info    0x000000000000f7d7      0xde8 USB_DEVICE/App/usbd_desc.o
 .debug_info    0x00000000000105bf     0x1f78 USB_DEVICE/Target/usbd_conf.o

.debug_abbrev   0x0000000000000000     0x2efe
 .debug_abbrev  0x0000000000000000      0x300 Core/Src/main.o
 .debug_abbrev  0x0000000000000300      0x1ac Core/Src/stm32f1xx_hal_msp.o
 .debug_abbrev  0x00000000000004ac      0x194 Core/Src/stm32f1xx_it.o
 .debug_abbrev  0x0000000000000640      0x14e Core/Src/system_stm32f1xx.o
 .debug_abbrev  0x000000000000078e       0x12 Core/Startup/startup_stm32f103c8tx.o
 .debug_abbrev  0x00000000000007a0      0x1ed Drivers/STM32F1xx_HAL_Driver/Src/stm32f1xx_hal.o
 .debug_abbrev  0x000000000000098d      0x1fb Drivers/STM32F1xx_HAL_Driver/Src/stm32f1xx_hal_adc.o
 .debug_abbrev  0x0000000000000b88      0x313 Drivers/STM32F1xx_HAL_Driver/Src/stm32f1xx_hal_cortex.o
 .debug_abbrev  0x0000000000000e9b      0x228 Drivers/STM32F1xx_HAL_Driver/Src/stm32f1xx_hal_dma.o
 .debug_abbrev  0x00000000000010c3      0x1e8 Drivers/STM32F1xx_HAL_Driver/Src/stm32f1xx_hal_gpio.o
 .debug_abbrev  0x00000000000012ab      0x29e Drivers/STM32F1xx_HAL_Driver/Src/stm32f1xx_hal_pcd.o
 .debug_abbrev  0x0000000000001549      0x1ac Drivers/STM32F1xx_HAL_Driver/Src/stm32f1xx_hal_pcd_ex.o
 .debug_abbrev  0x00000000000016f5      0x273 Drivers/STM32F1xx_HAL_Driver/Src/stm32f1xx_hal_rcc.o
 .debug_abbrev  0x0000000000001968      0x193 Drivers/STM32F1xx_HAL_Driver/Src/stm32f1xx_hal_rcc_ex.o
 .debug_abbrev  0x0000000000001afb      0x1fa Drivers/STM32F1xx_HAL_Driver/Src/stm32f1xx_ll_usb.o
 .debug_abbrev  0x0000000000001cf5      0x2b7 Middlewares/ST/STM32_USB_Device_Library/Class/HID/Src/usbd_hid.o
 .debug_abbrev  0x0000000000001fac      0x2a8 Middlewares/ST/STM32_USB_Device_Library/Core/Src/usbd_core.o
 .debug_abbrev  0x0000000000002254      0x2de Middlewares/ST/STM32_USB_Device_Library/Core/Src/usbd_ctlreq.o
 .debug_abbrev  0x0000000000002532      0x20a Middlewares/ST/STM32_USB_Device_Library/Core/Src/usbd_ioreq.o
 .debug_abbrev  0x000000000000273c      0x1db USB_DEVICE/App/usb_device.o
 .debug_abbrev  0x0000000000002917      0x2ca USB_DEVICE/App/usbd_desc.o
 .debug_abbrev  0x0000000000002be1      0x31d USB_DEVICE/Target/usbd_conf.o

.debug_aranges  0x0000000000000000      0xb98
 .debug_aranges
                0x0000000000000000       0x50 Core/Src/main.o
 .debug_aranges
                0x0000000000000050       0x30 Core/Src/stm32f1xx_hal_msp.o
 .debug_aranges
                0x0000000000000080       0x70 Core/Src/stm32f1xx_it.o
 .debug_aranges
                0x00000000000000f0       0x28 Core/Src/system_stm32f1xx.o
 .debug_aranges
                0x0000000000000118       0x28 Core/Startup/startup_stm32f103c8tx.o
 .debug_aranges
                0x0000000000000140       0xe0 Drivers/STM32F1xx_HAL_Driver/Src/stm32f1xx_hal.o
 .debug_aranges
                0x0000000000000220       0xf0 Drivers/STM32F1xx_HAL_Driver/Src/stm32f1xx_hal_adc.o
 .debug_aranges
                0x0000000000000310      0x100 Drivers/STM32F1xx_HAL_Driver/Src/stm32f1xx_hal_cortex.o
 .debug_aranges
                0x0000000000000410       0x80 Drivers/STM32F1xx_HAL_Driver/Src/stm32f1xx_hal_dma.o
 .debug_aranges
                0x0000000000000490       0x58 Drivers/STM32F1xx_HAL_Driver/Src/stm32f1xx_hal_gpio.o
 .debug_aranges
                0x00000000000004e8      0x138 Drivers/STM32F1xx_HAL_Driver/Src/stm32f1xx_hal_pcd.o
 .debug_aranges
                0x0000000000000620       0x38 Drivers/STM32F1xx_HAL_Driver/Src/stm32f1xx_hal_pcd_ex.o
 .debug_aranges
                0x0000000000000658       0x90 Drivers/STM32F1xx_HAL_Driver/Src/stm32f1xx_hal_rcc.o
 .debug_aranges
                0x00000000000006e8       0x30 Drivers/STM32F1xx_HAL_Driver/Src/stm32f1xx_hal_rcc_ex.o
 .debug_aranges
                0x0000000000000718       0xf0 Drivers/STM32F1xx_HAL_Driver/Src/stm32f1xx_ll_usb.o
 .debug_aranges
                0x0000000000000808       0x68 Middlewares/ST/STM32_USB_Device_Library/Class/HID/Src/usbd_hid.o
 .debug_aranges
                0x0000000000000870       0xb8 Middlewares/ST/STM32_USB_Device_Library/Core/Src/usbd_core.o
 .debug_aranges
                0x0000000000000928       0x88 Middlewares/ST/STM32_USB_Device_Library/Core/Src/usbd_ctlreq.o
 .debug_aranges
                0x00000000000009b0       0x50 Middlewares/ST/STM32_USB_Device_Library/Core/Src/usbd_ioreq.o
 .debug_aranges
                0x0000000000000a00       0x20 USB_DEVICE/App/usb_device.o
 .debug_aranges
                0x0000000000000a20       0x60 USB_DEVICE/App/usbd_desc.o
 .debug_aranges
                0x0000000000000a80      0x118 USB_DEVICE/Target/usbd_conf.o

.debug_ranges   0x0000000000000000      0xa40
 .debug_ranges  0x0000000000000000       0x40 Core/Src/main.o
 .debug_ranges  0x0000000000000040       0x20 Core/Src/stm32f1xx_hal_msp.o
 .debug_ranges  0x0000000000000060       0x60 Core/Src/stm32f1xx_it.o
 .debug_ranges  0x00000000000000c0       0x18 Core/Src/system_stm32f1xx.o
 .debug_ranges  0x00000000000000d8       0x20 Core/Startup/startup_stm32f103c8tx.o
 .debug_ranges  0x00000000000000f8       0xd0 Drivers/STM32F1xx_HAL_Driver/Src/stm32f1xx_hal.o
 .debug_ranges  0x00000000000001c8       0xe0 Drivers/STM32F1xx_HAL_Driver/Src/stm32f1xx_hal_adc.o
 .debug_ranges  0x00000000000002a8       0xf0 Drivers/STM32F1xx_HAL_Driver/Src/stm32f1xx_hal_cortex.o
 .debug_ranges  0x0000000000000398       0x70 Drivers/STM32F1xx_HAL_Driver/Src/stm32f1xx_hal_dma.o
 .debug_ranges  0x0000000000000408       0x48 Drivers/STM32F1xx_HAL_Driver/Src/stm32f1xx_hal_gpio.o
 .debug_ranges  0x0000000000000450      0x128 Drivers/STM32F1xx_HAL_Driver/Src/stm32f1xx_hal_pcd.o
 .debug_ranges  0x0000000000000578       0x28 Drivers/STM32F1xx_HAL_Driver/Src/stm32f1xx_hal_pcd_ex.o
 .debug_ranges  0x00000000000005a0       0x80 Drivers/STM32F1xx_HAL_Driver/Src/stm32f1xx_hal_rcc.o
 .debug_ranges  0x0000000000000620       0x20 Drivers/STM32F1xx_HAL_Driver/Src/stm32f1xx_hal_rcc_ex.o
 .debug_ranges  0x0000000000000640       0xe0 Drivers/STM32F1xx_HAL_Driver/Src/stm32f1xx_ll_usb.o
 .debug_ranges  0x0000000000000720       0x58 Middlewares/ST/STM32_USB_Device_Library/Class/HID/Src/usbd_hid.o
 .debug_ranges  0x0000000000000778       0xa8 Middlewares/ST/STM32_USB_Device_Library/Core/Src/usbd_core.o
 .debug_ranges  0x0000000000000820       0x78 Middlewares/ST/STM32_USB_Device_Library/Core/Src/usbd_ctlreq.o
 .debug_ranges  0x0000000000000898       0x40 Middlewares/ST/STM32_USB_Device_Library/Core/Src/usbd_ioreq.o
 .debug_ranges  0x00000000000008d8       0x10 USB_DEVICE/App/usb_device.o
 .debug_ranges  0x00000000000008e8       0x50 USB_DEVICE/App/usbd_desc.o
 .debug_ranges  0x0000000000000938      0x108 USB_DEVICE/Target/usbd_conf.o

.debug_macro    0x0000000000000000    0x19d98
 .debug_macro   0x0000000000000000      0x3ec Core/Src/main.o
 .debug_macro   0x00000000000003ec      0xa9c Core/Src/main.o
 .debug_macro   0x0000000000000e88      0x221 Core/Src/main.o
 .debug_macro   0x00000000000010a9       0x2e Core/Src/main.o
 .debug_macro   0x00000000000010d7       0x22 Core/Src/main.o
 .debug_macro   0x00000000000010f9       0x22 Core/Src/main.o
 .debug_macro   0x000000000000111b       0x8e Core/Src/main.o
 .debug_macro   0x00000000000011a9       0x51 Core/Src/main.o
 .debug_macro   0x00000000000011fa      0x103 Core/Src/main.o
 .debug_macro   0x00000000000012fd       0x6a Core/Src/main.o
 .debug_macro   0x0000000000001367      0x1df Core/Src/main.o
 .debug_macro   0x0000000000001546       0x1c Core/Src/main.o
 .debug_macro   0x0000000000001562       0x22 Core/Src/main.o
 .debug_macro   0x0000000000001584       0xc3 Core/Src/main.o
 .debug_macro   0x0000000000001647      0xd23 Core/Src/main.o
 .debug_macro   0x000000000000236a     0xe09e Core/Src/main.o
 .debug_macro   0x0000000000010408       0x6d Core/Src/main.o
 .debug_macro   0x0000000000010475     0x3468 Core/Src/main.o
 .debug_macro   0x00000000000138dd      0x174 Core/Src/main.o
 .debug_macro   0x0000000000013a51       0x5c Core/Src/main.o
 .debug_macro   0x0000000000013aad      0x5be Core/Src/main.o
 .debug_macro   0x000000000001406b      0x289 Core/Src/main.o
 .debug_macro   0x00000000000142f4      0x1cb Core/Src/main.o
 .debug_macro   0x00000000000144bf      0x114 Core/Src/main.o
 .debug_macro   0x00000000000145d3      0x1b2 Core/Src/main.o
 .debug_macro   0x0000000000014785       0x27 Core/Src/main.o
 .debug_macro   0x00000000000147ac      0x136 Core/Src/main.o
 .debug_macro   0x00000000000148e2      0x1bc Core/Src/main.o
 .debug_macro   0x0000000000014a9e       0x34 Core/Src/main.o
 .debug_macro   0x0000000000014ad2       0x3c Core/Src/main.o
 .debug_macro   0x0000000000014b0e       0x57 Core/Src/main.o
 .debug_macro   0x0000000000014b65      0x46a Core/Src/main.o
 .debug_macro   0x0000000000014fcf      0x1b5 Core/Src/main.o
 .debug_macro   0x0000000000015184       0x88 Core/Src/main.o
 .debug_macro   0x000000000001520c      0x241 Core/Src/main.o
 .debug_macro   0x000000000001544d      0x141 Core/Src/main.o
 .debug_macro   0x000000000001558e       0x65 Core/Src/main.o
 .debug_macro   0x00000000000155f3      0x249 Core/Src/main.o
 .debug_macro   0x000000000001583c       0x83 Core/Src/main.o
 .debug_macro   0x00000000000158bf       0x52 Core/Src/main.o
 .debug_macro   0x0000000000015911       0x18 Core/Src/main.o
 .debug_macro   0x0000000000015929       0x3c Core/Src/main.o
 .debug_macro   0x0000000000015965       0x34 Core/Src/main.o
 .debug_macro   0x0000000000015999       0x16 Core/Src/main.o
 .debug_macro   0x00000000000159af       0x35 Core/Src/main.o
 .debug_macro   0x00000000000159e4      0x333 Core/Src/main.o
 .debug_macro   0x0000000000015d17       0x10 Core/Src/main.o
 .debug_macro   0x0000000000015d27       0x16 Core/Src/main.o
 .debug_macro   0x0000000000015d3d       0x43 Core/Src/main.o
 .debug_macro   0x0000000000015d80       0x34 Core/Src/main.o
 .debug_macro   0x0000000000015db4       0x10 Core/Src/main.o
 .debug_macro   0x0000000000015dc4       0x58 Core/Src/main.o
 .debug_macro   0x0000000000015e1c       0x71 Core/Src/main.o
 .debug_macro   0x0000000000015e8d       0x1c Core/Src/main.o
 .debug_macro   0x0000000000015ea9      0x12a Core/Src/main.o
 .debug_macro   0x0000000000015fd3       0x10 Core/Src/main.o
 .debug_macro   0x0000000000015fe3       0x1c Core/Src/main.o
 .debug_macro   0x0000000000015fff       0x52 Core/Src/main.o
 .debug_macro   0x0000000000016051       0x22 Core/Src/main.o
 .debug_macro   0x0000000000016073       0x10 Core/Src/main.o
 .debug_macro   0x0000000000016083       0x40 Core/Src/main.o
 .debug_macro   0x00000000000160c3       0xd5 Core/Src/main.o
 .debug_macro   0x0000000000016198       0x1c Core/Src/main.o
 .debug_macro   0x00000000000161b4       0x3d Core/Src/main.o
 .debug_macro   0x00000000000161f1       0x16 Core/Src/main.o
 .debug_macro   0x0000000000016207      0x145 Core/Src/main.o
 .debug_macro   0x000000000001634c       0x16 Core/Src/main.o
 .debug_macro   0x0000000000016362       0x16 Core/Src/main.o
 .debug_macro   0x0000000000016378       0x29 Core/Src/main.o
 .debug_macro   0x00000000000163a1       0x16 Core/Src/main.o
 .debug_macro   0x00000000000163b7       0x20 Core/Src/main.o
 .debug_macro   0x00000000000163d7       0x60 Core/Src/main.o
 .debug_macro   0x0000000000016437      0x1c8 Core/Src/main.o
 .debug_macro   0x00000000000165ff       0x5e Core/Src/main.o
 .debug_macro   0x000000000001665d      0x1c6 Core/Src/stm32f1xx_hal_msp.o
 .debug_macro   0x0000000000016823      0x1d0 Core/Src/stm32f1xx_it.o
 .debug_macro   0x00000000000169f3      0x1bc Core/Src/system_stm32f1xx.o
 .debug_macro   0x0000000000016baf      0x1e0 Drivers/STM32F1xx_HAL_Driver/Src/stm32f1xx_hal.o
 .debug_macro   0x0000000000016d8f      0x1d9 Drivers/STM32F1xx_HAL_Driver/Src/stm32f1xx_hal_adc.o
 .debug_macro   0x0000000000016f68      0x1bc Drivers/STM32F1xx_HAL_Driver/Src/stm32f1xx_hal_cortex.o
 .debug_macro   0x0000000000017124      0x1bc Drivers/STM32F1xx_HAL_Driver/Src/stm32f1xx_hal_dma.o
 .debug_macro   0x00000000000172e0      0x227 Drivers/STM32F1xx_HAL_Driver/Src/stm32f1xx_hal_gpio.o
 .debug_macro   0x0000000000017507      0x1c8 Drivers/STM32F1xx_HAL_Driver/Src/stm32f1xx_hal_pcd.o
 .debug_macro   0x00000000000176cf      0x1bc Drivers/STM32F1xx_HAL_Driver/Src/stm32f1xx_hal_pcd_ex.o
 .debug_macro   0x000000000001788b      0x1ce Drivers/STM32F1xx_HAL_Driver/Src/stm32f1xx_hal_rcc.o
 .debug_macro   0x0000000000017a59      0x1bc Drivers/STM32F1xx_HAL_Driver/Src/stm32f1xx_hal_rcc_ex.o
 .debug_macro   0x0000000000017c15      0x1bc Drivers/STM32F1xx_HAL_Driver/Src/stm32f1xx_ll_usb.o
 .debug_macro   0x0000000000017dd1      0x3dc Middlewares/ST/STM32_USB_Device_Library/Class/HID/Src/usbd_hid.o
 .debug_macro   0x00000000000181ad       0x97 Middlewares/ST/STM32_USB_Device_Library/Class/HID/Src/usbd_hid.o
 .debug_macro   0x0000000000018244       0xfd Middlewares/ST/STM32_USB_Device_Library/Class/HID/Src/usbd_hid.o
 .debug_macro   0x0000000000018341       0xbd Middlewares/ST/STM32_USB_Device_Library/Class/HID/Src/usbd_hid.o
 .debug_macro   0x00000000000183fe       0x56 Middlewares/ST/STM32_USB_Device_Library/Class/HID/Src/usbd_hid.o
 .debug_macro   0x0000000000018454      0x3c3 Middlewares/ST/STM32_USB_Device_Library/Core/Src/usbd_core.o
 .debug_macro   0x0000000000018817      0x1ce Middlewares/ST/STM32_USB_Device_Library/Core/Src/usbd_core.o
 .debug_macro   0x00000000000189e5      0x3cd Middlewares/ST/STM32_USB_Device_Library/Core/Src/usbd_ctlreq.o
 .debug_macro   0x0000000000018db2      0x3c9 Middlewares/ST/STM32_USB_Device_Library/Core/Src/usbd_ioreq.o
 .debug_macro   0x000000000001917b      0x3f9 USB_DEVICE/App/usb_device.o
 .debug_macro   0x0000000000019574       0x22 USB_DEVICE/App/usb_device.o
 .debug_macro   0x0000000000019596      0x400 USB_DEVICE/App/usbd_desc.o
 .debug_macro   0x0000000000019996       0x1c USB_DEVICE/App/usbd_desc.o
 .debug_macro   0x00000000000199b2      0x3e6 USB_DEVICE/Target/usbd_conf.o

.debug_line     0x0000000000000000     0xf557
 .debug_line    0x0000000000000000      0xb8f Core/Src/main.o
 .debug_line    0x0000000000000b8f      0x720 Core/Src/stm32f1xx_hal_msp.o
 .debug_line    0x00000000000012af      0x79e Core/Src/stm32f1xx_it.o
 .debug_line    0x0000000000001a4d      0x72a Core/Src/system_stm32f1xx.o
 .debug_line    0x0000000000002177       0x87 Core/Startup/startup_stm32f103c8tx.o
 .debug_line    0x00000000000021fe      0x957 Drivers/STM32F1xx_HAL_Driver/Src/stm32f1xx_hal.o
 .debug_line    0x0000000000002b55      0xfce Drivers/STM32F1xx_HAL_Driver/Src/stm32f1xx_hal_adc.o
 .debug_line    0x0000000000003b23      0xb3f Drivers/STM32F1xx_HAL_Driver/Src/stm32f1xx_hal_cortex.o
 .debug_line    0x0000000000004662      0xdaf Drivers/STM32F1xx_HAL_Driver/Src/stm32f1xx_hal_dma.o
 .debug_line    0x0000000000005411      0x9ee Drivers/STM32F1xx_HAL_Driver/Src/stm32f1xx_hal_gpio.o
 .debug_line    0x0000000000005dff     0x1345 Drivers/STM32F1xx_HAL_Driver/Src/stm32f1xx_hal_pcd.o
 .debug_line    0x0000000000007144      0x725 Drivers/STM32F1xx_HAL_Driver/Src/stm32f1xx_hal_pcd_ex.o
 .debug_line    0x0000000000007869      0xd65 Drivers/STM32F1xx_HAL_Driver/Src/stm32f1xx_hal_rcc.o
 .debug_line    0x00000000000085ce      0x8a3 Drivers/STM32F1xx_HAL_Driver/Src/stm32f1xx_hal_rcc_ex.o
 .debug_line    0x0000000000008e71     0x105f Drivers/STM32F1xx_HAL_Driver/Src/stm32f1xx_ll_usb.o
 .debug_line    0x0000000000009ed0      0xbf2 Middlewares/ST/STM32_USB_Device_Library/Class/HID/Src/usbd_hid.o
 .debug_line    0x000000000000aac2      0xdb9 Middlewares/ST/STM32_USB_Device_Library/Core/Src/usbd_core.o
 .debug_line    0x000000000000b87b      0xfd8 Middlewares/ST/STM32_USB_Device_Library/Core/Src/usbd_ctlreq.o
 .debug_line    0x000000000000c853      0xa4f Middlewares/ST/STM32_USB_Device_Library/Core/Src/usbd_ioreq.o
 .debug_line    0x000000000000d2a2      0x9f5 USB_DEVICE/App/usb_device.o
 .debug_line    0x000000000000dc97      0xad8 USB_DEVICE/App/usbd_desc.o
 .debug_line    0x000000000000e76f      0xde8 USB_DEVICE/Target/usbd_conf.o

.debug_str      0x0000000000000000    0x89ca1
 .debug_str     0x0000000000000000    0x8739b Core/Src/main.o
                                      0x878f6 (size before relaxing)
 .debug_str     0x000000000008739b       0xb9 Core/Src/stm32f1xx_hal_msp.o
                                      0x8232a (size before relaxing)
 .debug_str     0x0000000000087454      0x3b7 Core/Src/stm32f1xx_it.o
                                      0x824ca (size before relaxing)
 .debug_str     0x000000000008780b       0x52 Core/Src/system_stm32f1xx.o
                                      0x81f65 (size before relaxing)
 .debug_str     0x000000000008785d       0x36 Core/Startup/startup_stm32f103c8tx.o
                                         0x74 (size before relaxing)
 .debug_str     0x0000000000087893      0x2fa Drivers/STM32F1xx_HAL_Driver/Src/stm32f1xx_hal.o
                                      0x825f6 (size before relaxing)
 .debug_str     0x0000000000087b8d      0x345 Drivers/STM32F1xx_HAL_Driver/Src/stm32f1xx_hal_adc.o
                                      0x825f5 (size before relaxing)
 .debug_str     0x0000000000087ed2      0x2d8 Drivers/STM32F1xx_HAL_Driver/Src/stm32f1xx_hal_cortex.o
                                      0x825fe (size before relaxing)
 .debug_str     0x00000000000881aa      0x235 Drivers/STM32F1xx_HAL_Driver/Src/stm32f1xx_hal_dma.o
                                      0x82340 (size before relaxing)
 .debug_str     0x00000000000883df      0x33b Drivers/STM32F1xx_HAL_Driver/Src/stm32f1xx_hal_gpio.o
                                      0x82329 (size before relaxing)
 .debug_str     0x000000000008871a      0x3e5 Drivers/STM32F1xx_HAL_Driver/Src/stm32f1xx_hal_pcd.o
                                      0x826b8 (size before relaxing)
 .debug_str     0x0000000000088aff      0x18d Drivers/STM32F1xx_HAL_Driver/Src/stm32f1xx_hal_pcd_ex.o
                                      0x82405 (size before relaxing)
 .debug_str     0x0000000000088c8c      0x24f Drivers/STM32F1xx_HAL_Driver/Src/stm32f1xx_hal_rcc.o
                                      0x82362 (size before relaxing)
 .debug_str     0x0000000000088edb       0xb9 Drivers/STM32F1xx_HAL_Driver/Src/stm32f1xx_hal_rcc_ex.o
                                      0x820ef (size before relaxing)
 .debug_str     0x0000000000088f94      0x2ad Drivers/STM32F1xx_HAL_Driver/Src/stm32f1xx_ll_usb.o
                                      0x82438 (size before relaxing)
 .debug_str     0x0000000000089241      0x270 Middlewares/ST/STM32_USB_Device_Library/Class/HID/Src/usbd_hid.o
                                      0x8725b (size before relaxing)
 .debug_str     0x00000000000894b1      0x1a2 Middlewares/ST/STM32_USB_Device_Library/Core/Src/usbd_core.o
                                      0x87064 (size before relaxing)
 .debug_str     0x0000000000089653      0x12f Middlewares/ST/STM32_USB_Device_Library/Core/Src/usbd_ctlreq.o
                                      0x86fea (size before relaxing)
 .debug_str     0x0000000000089782       0xc9 Middlewares/ST/STM32_USB_Device_Library/Core/Src/usbd_ioreq.o
                                      0x86f72 (size before relaxing)
 .debug_str     0x000000000008984b       0xb5 USB_DEVICE/App/usb_device.o
                                      0x870de (size before relaxing)
 .debug_str     0x0000000000089900      0x258 USB_DEVICE/App/usbd_desc.o
                                      0x86edd (size before relaxing)
 .debug_str     0x0000000000089b58      0x149 USB_DEVICE/Target/usbd_conf.o
                                      0x87a2c (size before relaxing)

.comment        0x0000000000000000       0x53
 .comment       0x0000000000000000       0x53 Core/Src/main.o
                                         0x54 (size before relaxing)
 .comment       0x0000000000000053       0x54 Core/Src/stm32f1xx_hal_msp.o
 .comment       0x0000000000000053       0x54 Core/Src/stm32f1xx_it.o
 .comment       0x0000000000000053       0x54 Core/Src/system_stm32f1xx.o
 .comment       0x0000000000000053       0x54 Drivers/STM32F1xx_HAL_Driver/Src/stm32f1xx_hal.o
 .comment       0x0000000000000053       0x54 Drivers/STM32F1xx_HAL_Driver/Src/stm32f1xx_hal_adc.o
 .comment       0x0000000000000053       0x54 Drivers/STM32F1xx_HAL_Driver/Src/stm32f1xx_hal_cortex.o
 .comment       0x0000000000000053       0x54 Drivers/STM32F1xx_HAL_Driver/Src/stm32f1xx_hal_dma.o
 .comment       0x0000000000000053       0x54 Drivers/STM32F1xx_HAL_Driver/Src/stm32f1xx_hal_gpio.o
 .comment       0x0000000000000053       0x54 Drivers/STM32F1xx_HAL_Driver/Src/stm32f1xx_hal_pcd.o
 .comment       0x0000000000000053       0x54 Drivers/STM32F1xx_HAL_Driver/Src/stm32f1xx_hal_pcd_ex.o
 .comment       0x0000000000000053       0x54 Drivers/STM32F1xx_HAL_Driver/Src/stm32f1xx_hal_rcc.o
 .comment       0x0000000000000053       0x54 Drivers/STM32F1xx_HAL_Driver/Src/stm32f1xx_hal_rcc_ex.o
 .comment       0x0000000000000053       0x54 Drivers/STM32F1xx_HAL_Driver/Src/stm32f1xx_ll_usb.o
 .comment       0x0000000000000053       0x54 Middlewares/ST/STM32_USB_Device_Library/Class/HID/Src/usbd_hid.o
 .comment       0x0000000000000053       0x54 Middlewares/ST/STM32_USB_Device_Library/Core/Src/usbd_core.o
 .comment       0x0000000000000053       0x54 Middlewares/ST/STM32_USB_Device_Library/Core/Src/usbd_ctlreq.o
 .comment       0x0000000000000053       0x54 Middlewares/ST/STM32_USB_Device_Library/Core/Src/usbd_ioreq.o
 .comment       0x0000000000000053       0x54 USB_DEVICE/App/usb_device.o
 .comment       0x0000000000000053       0x54 USB_DEVICE/App/usbd_desc.o
 .comment       0x0000000000000053       0x54 USB_DEVICE/Target/usbd_conf.o

.debug_frame    0x0000000000000000     0x2d18
 .debug_frame   0x0000000000000000      0x100 Core/Src/main.o
 .debug_frame   0x0000000000000100       0x80 Core/Src/stm32f1xx_hal_msp.o
 .debug_frame   0x0000000000000180      0x13c Core/Src/stm32f1xx_it.o
 .debug_frame   0x00000000000002bc       0x58 Core/Src/system_stm32f1xx.o
 .debug_frame   0x0000000000000314      0x334 Drivers/STM32F1xx_HAL_Driver/Src/stm32f1xx_hal.o
 .debug_frame   0x0000000000000648      0x40c Drivers/STM32F1xx_HAL_Driver/Src/stm32f1xx_hal_adc.o
 .debug_frame   0x0000000000000a54      0x428 Drivers/STM32F1xx_HAL_Driver/Src/stm32f1xx_hal_cortex.o
 .debug_frame   0x0000000000000e7c      0x208 Drivers/STM32F1xx_HAL_Driver/Src/stm32f1xx_hal_dma.o
 .debug_frame   0x0000000000001084      0x14c Drivers/STM32F1xx_HAL_Driver/Src/stm32f1xx_hal_gpio.o
 .debug_frame   0x00000000000011d0      0x578 Drivers/STM32F1xx_HAL_Driver/Src/stm32f1xx_hal_pcd.o
 .debug_frame   0x0000000000001748       0xb0 Drivers/STM32F1xx_HAL_Driver/Src/stm32f1xx_hal_pcd_ex.o
 .debug_frame   0x00000000000017f8      0x21c Drivers/STM32F1xx_HAL_Driver/Src/stm32f1xx_hal_rcc.o
 .debug_frame   0x0000000000001a14       0x84 Drivers/STM32F1xx_HAL_Driver/Src/stm32f1xx_hal_rcc_ex.o
 .debug_frame   0x0000000000001a98      0x450 Drivers/STM32F1xx_HAL_Driver/Src/stm32f1xx_ll_usb.o
 .debug_frame   0x0000000000001ee8      0x190 Middlewares/ST/STM32_USB_Device_Library/Class/HID/Src/usbd_hid.o
 .debug_frame   0x0000000000002078      0x300 Middlewares/ST/STM32_USB_Device_Library/Core/Src/usbd_core.o
 .debug_frame   0x0000000000002378      0x218 Middlewares/ST/STM32_USB_Device_Library/Core/Src/usbd_ctlreq.o
 .debug_frame   0x0000000000002590      0x10c Middlewares/ST/STM32_USB_Device_Library/Core/Src/usbd_ioreq.o
 .debug_frame   0x000000000000269c       0x2c USB_DEVICE/App/usb_device.o
 .debug_frame   0x00000000000026c8      0x160 USB_DEVICE/App/usbd_desc.o
 .debug_frame   0x0000000000002828      0x4a4 USB_DEVICE/Target/usbd_conf.o
 .debug_frame   0x0000000000002ccc       0x2c c:/st/stm32cubeide_1.6.1/stm32cubeide/plugins/com.st.stm32cube.ide.mcu.externaltools.gnu-tools-for-stm32.9-2020-q2-update.win32_1.5.0.202011040924/tools/bin/../lib/gcc/arm-none-eabi/9.3.1/../../../../arm-none-eabi/lib/thumb/v7-m/nofp\libc_nano.a(lib_a-init.o)
 .debug_frame   0x0000000000002cf8       0x20 c:/st/stm32cubeide_1.6.1/stm32cubeide/plugins/com.st.stm32cube.ide.mcu.externaltools.gnu-tools-for-stm32.9-2020-q2-update.win32_1.5.0.202011040924/tools/bin/../lib/gcc/arm-none-eabi/9.3.1/../../../../arm-none-eabi/lib/thumb/v7-m/nofp\libc_nano.a(lib_a-memset.o)
